NOTE: Picked up JDK_JAVA_OPTIONS:  --add-opens=java.base/java.lang=ALL-UNNAMED --add-opens=java.base/java.io=ALL-UNNAMED --add-opens=java.base/java.util=ALL-UNNAMED --add-opens=java.base/java.util.concurrent=ALL-UNNAMED --add-opens=java.rmi/sun.rmi.transport=ALL-UNNAMED
22-Sep-2026 13:48:54.774 INFO [main] org.apache.catalina.startup.VersionLoggerListener.log Server version name:   Apache Tomcat/10.0.27
22-Sep-2026 13:48:54.775 INFO [main] org.apache.catalina.startup.VersionLoggerListener.log Server built:          Oct 3 2022 14:18:31 UTC
22-Sep-2026 13:48:54.776 INFO [main] org.apache.catalina.startup.VersionLoggerListener.log Server version number: 10.0.27.0
22-Sep-2026 13:48:54.776 INFO [main] org.apache.catalina.startup.VersionLoggerListener.log OS Name:               Mac OS X
22-Sep-2026 13:48:54.776 INFO [main] org.apache.catalina.startup.VersionLoggerListener.log OS Version:            26.6.2
22-Sep-2026 13:48:54.776 INFO [main] org.apache.catalina.startup.VersionLoggerListener.log Architecture:          aarch64
22-Sep-2026 13:48:54.776 INFO [main] org.apache.catalina.startup.VersionLoggerListener.log Java Home:             /Library/Java/JavaVirtualMachines/jdk-25.jdk/Contents/Home
22-Sep-2026 13:48:54.776 INFO [main] org.apache.catalina.startup.VersionLoggerListener.log JVM Version:           25.0.2+10-LTS-69
22-Sep-2026 13:48:54.776 INFO [main] org.apache.catalina.startup.VersionLoggerListener.log JVM Vendor:            Oracle Corporation
22-Sep-2026 13:48:54.776 INFO [main] org.apache.catalina.startup.VersionLoggerListener.log CATALINA_BASE:         /Users/harshvardhanyadav/Desktop/PATHWAY/Java/apache-tomcat-10.0.27
22-Sep-2026 13:48:54.776 INFO [main] org.apache.catalina.startup.VersionLoggerListener.log CATALINA_HOME:         /Users/harshvardhanyadav/Desktop/PATHWAY/Java/apache-tomcat-10.0.27
22-Sep-2026 13:48:54.840 INFO [main] org.apache.catalina.startup.VersionLoggerListener.log Command line argument: --add-opens=java.base/java.lang=ALL-UNNAMED
22-Sep-2026 13:48:54.840 INFO [main] org.apache.catalina.startup.VersionLoggerListener.log Command line argument: --add-opens=java.base/java.io=ALL-UNNAMED
22-Sep-2026 13:48:54.840 INFO [main] org.apache.catalina.startup.VersionLoggerListener.log Command line argument: --add-opens=java.base/java.util=ALL-UNNAMED
22-Sep-2026 13:48:54.840 INFO [main] org.apache.catalina.startup.VersionLoggerListener.log Command line argument: --add-opens=java.base/java.util.concurrent=ALL-UNNAMED
22-Sep-2026 13:48:54.840 INFO [main] org.apache.catalina.startup.VersionLoggerListener.log Command line argument: --add-opens=java.rmi/sun.rmi.transport=ALL-UNNAMED
22-Sep-2026 13:48:54.840 INFO [main] org.apache.catalina.startup.VersionLoggerListener.log Command line argument: -Djava.util.logging.config.file=/Users/harshvardhanyadav/Desktop/PATHWAY/Java/apache-tomcat-10.0.27/conf/logging.properties
22-Sep-2026 13:48:54.840 INFO [main] org.apache.catalina.startup.VersionLoggerListener.log Command line argument: -Djava.util.logging.manager=org.apache.juli.ClassLoaderLogManager
22-Sep-2026 13:48:54.840 INFO [main] org.apache.catalina.startup.VersionLoggerListener.log Command line argument: -Djdk.tls.ephemeralDHKeySize=2048
22-Sep-2026 13:48:54.840 INFO [main] org.apache.catalina.startup.VersionLoggerListener.log Command line argument: -Djava.protocol.handler.pkgs=org.apache.catalina.webresources
22-Sep-2026 13:48:54.840 INFO [main] org.apache.catalina.startup.VersionLoggerListener.log Command line argument: -Dorg.apache.catalina.security.SecurityListener.UMASK=0027
22-Sep-2026 13:48:54.840 INFO [main] org.apache.catalina.startup.VersionLoggerListener.log Command line argument: -Dignore.endorsed.dirs=
22-Sep-2026 13:48:54.840 INFO [main] org.apache.catalina.startup.VersionLoggerListener.log Command line argument: -Dcatalina.base=/Users/harshvardhanyadav/Desktop/PATHWAY/Java/apache-tomcat-10.0.27
22-Sep-2026 13:48:54.840 INFO [main] org.apache.catalina.startup.VersionLoggerListener.log Command line argument: -Dcatalina.home=/Users/harshvardhanyadav/Desktop/PATHWAY/Java/apache-tomcat-10.0.27
22-Sep-2026 13:48:54.840 INFO [main] org.apache.catalina.startup.VersionLoggerListener.log Command line argument: -Djava.io.tmpdir=/Users/harshvardhanyadav/Desktop/PATHWAY/Java/apache-tomcat-10.0.27/temp
WARNING: A restricted method in java.lang.System has been called
WARNING: java.lang.System::load has been called by org.apache.tomcat.jni.Library in an unnamed module (file:/Users/harshvardhanyadav/Desktop/PATHWAY/Java/apache-tomcat-10.0.27/lib/tomcat-jni.jar)
WARNING: Use --enable-native-access=ALL-UNNAMED to avoid a warning for callers in this module
WARNING: Restricted methods will be blocked in a future release unless native access is enabled

22-Sep-2026 13:48:54.849 INFO [main] org.apache.catalina.core.AprLifecycleListener.lifecycleEvent The Apache Tomcat Native library which allows using OpenSSL was not found on the java.library.path: [/Users/harshvardhanyadav/Library/Java/Extensions:/Library/Java/Extensions:/Network/Library/Java/Extensions:/System/Library/Java/Extensions:/usr/lib/java:.]
22-Sep-2026 13:48:55.021 INFO [main] org.apache.coyote.AbstractProtocol.init Initializing ProtocolHandler ["http-nio-8080"]
22-Sep-2026 13:48:55.073 INFO [main] org.apache.catalina.startup.Catalina.load Server initialization in [403] milliseconds
22-Sep-2026 13:48:55.088 INFO [main] org.apache.catalina.core.StandardService.startInternal Starting service [Catalina]
22-Sep-2026 13:48:55.088 INFO [main] org.apache.catalina.core.StandardEngine.startInternal Starting Servlet engine: [Apache Tomcat/10.0.27]
22-Sep-2026 13:48:55.092 INFO [main] org.apache.catalina.startup.HostConfig.deployDirectory Deploying web application directory [/Users/harshvardhanyadav/Desktop/PATHWAY/Java/apache-tomcat-10.0.27/webapps/docs]
22-Sep-2026 13:48:55.204 INFO [main] org.apache.catalina.startup.HostConfig.deployDirectory Deployment of web application directory [/Users/harshvardhanyadav/Desktop/PATHWAY/Java/apache-tomcat-10.0.27/webapps/docs] has finished in [110] ms
22-Sep-2026 13:48:55.204 INFO [main] org.apache.catalina.startup.HostConfig.deployDirectory Deploying web application directory [/Users/harshvardhanyadav/Desktop/PATHWAY/Java/apache-tomcat-10.0.27/webapps/manager]
22-Sep-2026 13:48:55.222 INFO [main] org.apache.catalina.startup.HostConfig.deployDirectory Deployment of web application directory [/Users/harshvardhanyadav/Desktop/PATHWAY/Java/apache-tomcat-10.0.27/webapps/manager] has finished in [18] ms
22-Sep-2026 13:48:55.222 INFO [main] org.apache.catalina.startup.HostConfig.deployDirectory Deploying web application directory [/Users/harshvardhanyadav/Desktop/PATHWAY/Java/apache-tomcat-10.0.27/webapps/examples]
22-Sep-2026 13:48:55.905 INFO [main] org.apache.catalina.startup.HostConfig.deployDirectory Deployment of web application directory [/Users/harshvardhanyadav/Desktop/PATHWAY/Java/apache-tomcat-10.0.27/webapps/examples] has finished in [683] ms
22-Sep-2026 13:48:55.905 INFO [main] org.apache.catalina.startup.HostConfig.deployDirectory Deploying web application directory [/Users/harshvardhanyadav/Desktop/PATHWAY/Java/apache-tomcat-10.0.27/webapps/ROOT]
22-Sep-2026 13:48:55.913 INFO [main] org.apache.catalina.startup.HostConfig.deployDirectory Deployment of web application directory [/Users/harshvardhanyadav/Desktop/PATHWAY/Java/apache-tomcat-10.0.27/webapps/ROOT] has finished in [7] ms
22-Sep-2026 13:48:55.913 INFO [main] org.apache.catalina.startup.HostConfig.deployDirectory Deploying web application directory [/Users/harshvardhanyadav/Desktop/PATHWAY/Java/apache-tomcat-10.0.27/webapps/host-manager]
22-Sep-2026 13:48:55.921 INFO [main] org.apache.catalina.startup.HostConfig.deployDirectory Deployment of web application directory [/Users/harshvardhanyadav/Desktop/PATHWAY/Java/apache-tomcat-10.0.27/webapps/host-manager] has finished in [8] ms
22-Sep-2026 13:48:55.922 INFO [main] org.apache.coyote.AbstractProtocol.start Starting ProtocolHandler ["http-nio-8080"]
22-Sep-2026 13:48:55.927 INFO [main] org.apache.catalina.startup.Catalina.start Server startup in [853] milliseconds
NOTE: Picked up JDK_JAVA_OPTIONS:  --add-opens=java.base/java.lang=ALL-UNNAMED --add-opens=java.base/java.io=ALL-UNNAMED --add-opens=java.base/java.util=ALL-UNNAMED --add-opens=java.base/java.util.concurrent=ALL-UNNAMED --add-opens=java.rmi/sun.rmi.transport=ALL-UNNAMED
22-Sep-2026 14:06:20.463 INFO [main] org.apache.catalina.startup.VersionLoggerListener.log Server version name:   Apache Tomcat/10.0.27
22-Sep-2026 14:06:20.465 INFO [main] org.apache.catalina.startup.VersionLoggerListener.log Server built:          Oct 3 2022 14:18:31 UTC
22-Sep-2026 14:06:20.465 INFO [main] org.apache.catalina.startup.VersionLoggerListener.log Server version number: 10.0.27.0
22-Sep-2026 14:06:20.465 INFO [main] org.apache.catalina.startup.VersionLoggerListener.log OS Name:               Mac OS X
22-Sep-2026 14:06:20.465 INFO [main] org.apache.catalina.startup.VersionLoggerListener.log OS Version:            26.6.2
22-Sep-2026 14:06:20.465 INFO [main] org.apache.catalina.startup.VersionLoggerListener.log Architecture:          aarch64
22-Sep-2026 14:06:20.465 INFO [main] org.apache.catalina.startup.VersionLoggerListener.log Java Home:             /Library/Java/JavaVirtualMachines/jdk-25.jdk/Contents/Home
22-Sep-2026 14:06:20.465 INFO [main] org.apache.catalina.startup.VersionLoggerListener.log JVM Version:           25.0.2+10-LTS-69
22-Sep-2026 14:06:20.465 INFO [main] org.apache.catalina.startup.VersionLoggerListener.log JVM Vendor:            Oracle Corporation
22-Sep-2026 14:06:20.465 INFO [main] org.apache.catalina.startup.VersionLoggerListener.log CATALINA_BASE:         /Users/harshvardhanyadav/Desktop/PATHWAY/Java/apache-tomcat-10.0.27
22-Sep-2026 14:06:20.465 INFO [main] org.apache.catalina.startup.VersionLoggerListener.log CATALINA_HOME:         /Users/harshvardhanyadav/Desktop/PATHWAY/Java/apache-tomcat-10.0.27
22-Sep-2026 14:06:20.475 INFO [main] org.apache.catalina.startup.VersionLoggerListener.log Command line argument: --add-opens=java.base/java.lang=ALL-UNNAMED
22-Sep-2026 14:06:20.476 INFO [main] org.apache.catalina.startup.VersionLoggerListener.log Command line argument: --add-opens=java.base/java.io=ALL-UNNAMED
22-Sep-2026 14:06:20.476 INFO [main] org.apache.catalina.startup.VersionLoggerListener.log Command line argument: --add-opens=java.base/java.util=ALL-UNNAMED
22-Sep-2026 14:06:20.476 INFO [main] org.apache.catalina.startup.VersionLoggerListener.log Command line argument: --add-opens=java.base/java.util.concurrent=ALL-UNNAMED
22-Sep-2026 14:06:20.476 INFO [main] org.apache.catalina.startup.VersionLoggerListener.log Command line argument: --add-opens=java.rmi/sun.rmi.transport=ALL-UNNAMED
22-Sep-2026 14:06:20.476 INFO [main] org.apache.catalina.startup.VersionLoggerListener.log Command line argument: -Djava.util.logging.config.file=/Users/harshvardhanyadav/Desktop/PATHWAY/Java/apache-tomcat-10.0.27/conf/logging.properties
22-Sep-2026 14:06:20.476 INFO [main] org.apache.catalina.startup.VersionLoggerListener.log Command line argument: -Djava.util.logging.manager=org.apache.juli.ClassLoaderLogManager
22-Sep-2026 14:06:20.476 INFO [main] org.apache.catalina.startup.VersionLoggerListener.log Command line argument: -Djdk.tls.ephemeralDHKeySize=2048
22-Sep-2026 14:06:20.476 INFO [main] org.apache.catalina.startup.VersionLoggerListener.log Command line argument: -Djava.protocol.handler.pkgs=org.apache.catalina.webresources
22-Sep-2026 14:06:20.476 INFO [main] org.apache.catalina.startup.VersionLoggerListener.log Command line argument: -Dorg.apache.catalina.security.SecurityListener.UMASK=0027
22-Sep-2026 14:06:20.476 INFO [main] org.apache.catalina.startup.VersionLoggerListener.log Command line argument: -Dignore.endorsed.dirs=
22-Sep-2026 14:06:20.476 INFO [main] org.apache.catalina.startup.VersionLoggerListener.log Command line argument: -Dcatalina.base=/Users/harshvardhanyadav/Desktop/PATHWAY/Java/apache-tomcat-10.0.27
22-Sep-2026 14:06:20.476 INFO [main] org.apache.catalina.startup.VersionLoggerListener.log Command line argument: -Dcatalina.home=/Users/harshvardhanyadav/Desktop/PATHWAY/Java/apache-tomcat-10.0.27
22-Sep-2026 14:06:20.476 INFO [main] org.apache.catalina.startup.VersionLoggerListener.log Command line argument: -Djava.io.tmpdir=/Users/harshvardhanyadav/Desktop/PATHWAY/Java/apache-tomcat-10.0.27/temp
WARNING: A restricted method in java.lang.System has been called
WARNING: java.lang.System::load has been called by org.apache.tomcat.jni.Library in an unnamed module (file:/Users/harshvardhanyadav/Desktop/PATHWAY/Java/apache-tomcat-10.0.27/lib/tomcat-jni.jar)
WARNING: Use --enable-native-access=ALL-UNNAMED to avoid a warning for callers in this module
WARNING: Restricted methods will be blocked in a future release unless native access is enabled

22-Sep-2026 14:06:20.482 INFO [main] org.apache.catalina.core.AprLifecycleListener.lifecycleEvent The Apache Tomcat Native library which allows using OpenSSL was not found on the java.library.path: [/Users/harshvardhanyadav/Library/Java/Extensions:/Library/Java/Extensions:/Network/Library/Java/Extensions:/System/Library/Java/Extensions:/usr/lib/java:.]
22-Sep-2026 14:06:20.621 INFO [main] org.apache.coyote.AbstractProtocol.init Initializing ProtocolHandler ["http-nio-8080"]
22-Sep-2026 14:06:20.632 SEVERE [main] org.apache.catalina.util.LifecycleBase.handleSubClassException Failed to initialize component [Connector[HTTP/1.1-8080]]
	org.apache.catalina.LifecycleException: Protocol handler initialization failed
		at org.apache.catalina.connector.Connector.initInternal(Connector.java:1055)
		at org.apache.catalina.util.LifecycleBase.init(LifecycleBase.java:136)
		at org.apache.catalina.core.StandardService.initInternal(StandardService.java:556)
		at org.apache.catalina.util.LifecycleBase.init(LifecycleBase.java:136)
		at org.apache.catalina.core.StandardServer.initInternal(StandardServer.java:1045)
		at org.apache.catalina.util.LifecycleBase.init(LifecycleBase.java:136)
		at org.apache.catalina.startup.Catalina.load(Catalina.java:747)
		at org.apache.catalina.startup.Catalina.load(Catalina.java:769)
		at java.base/jdk.internal.reflect.DirectMethodHandleAccessor.invoke(DirectMethodHandleAccessor.java:104)
		at java.base/java.lang.reflect.Method.invoke(Method.java:565)
		at org.apache.catalina.startup.Bootstrap.load(Bootstrap.java:305)
		at org.apache.catalina.startup.Bootstrap.main(Bootstrap.java:475)
	Caused by: java.net.BindException: Address already in use
		at java.base/sun.nio.ch.Net.bind0(Native Method)
		at java.base/sun.nio.ch.Net.bind(Net.java:522)
		at java.base/sun.nio.ch.ServerSocketChannelImpl.netBind(ServerSocketChannelImpl.java:335)
		at java.base/sun.nio.ch.ServerSocketChannelImpl.bind(ServerSocketChannelImpl.java:297)
		at org.apache.tomcat.util.net.NioEndpoint.initServerSocket(NioEndpoint.java:246)
		at org.apache.tomcat.util.net.NioEndpoint.bind(NioEndpoint.java:201)
		at org.apache.tomcat.util.net.AbstractEndpoint.bindWithCleanup(AbstractEndpoint.java:1192)
		at org.apache.tomcat.util.net.AbstractEndpoint.init(AbstractEndpoint.java:1205)
		at org.apache.coyote.AbstractProtocol.init(AbstractProtocol.java:583)
		at org.apache.coyote.http11.AbstractHttp11Protocol.init(AbstractHttp11Protocol.java:79)
		at org.apache.catalina.connector.Connector.initInternal(Connector.java:1052)
		... 11 more
22-Sep-2026 14:06:20.633 INFO [main] org.apache.catalina.startup.Catalina.load Server initialization in [256] milliseconds
22-Sep-2026 14:06:20.647 INFO [main] org.apache.catalina.core.StandardService.startInternal Starting service [Catalina]
22-Sep-2026 14:06:20.647 INFO [main] org.apache.catalina.core.StandardEngine.startInternal Starting Servlet engine: [Apache Tomcat/10.0.27]
22-Sep-2026 14:06:20.650 INFO [main] org.apache.catalina.startup.HostConfig.deployDirectory Deploying web application directory [/Users/harshvardhanyadav/Desktop/PATHWAY/Java/apache-tomcat-10.0.27/webapps/docs]
22-Sep-2026 14:06:20.763 INFO [main] org.apache.catalina.startup.HostConfig.deployDirectory Deployment of web application directory [/Users/harshvardhanyadav/Desktop/PATHWAY/Java/apache-tomcat-10.0.27/webapps/docs] has finished in [111] ms
22-Sep-2026 14:06:20.763 INFO [main] org.apache.catalina.startup.HostConfig.deployDirectory Deploying web application directory [/Users/harshvardhanyadav/Desktop/PATHWAY/Java/apache-tomcat-10.0.27/webapps/manager]
22-Sep-2026 14:06:20.781 INFO [main] org.apache.catalina.startup.HostConfig.deployDirectory Deployment of web application directory [/Users/harshvardhanyadav/Desktop/PATHWAY/Java/apache-tomcat-10.0.27/webapps/manager] has finished in [18] ms
22-Sep-2026 14:06:20.781 INFO [main] org.apache.catalina.startup.HostConfig.deployDirectory Deploying web application directory [/Users/harshvardhanyadav/Desktop/PATHWAY/Java/apache-tomcat-10.0.27/webapps/examples]
22-Sep-2026 14:06:20.908 INFO [main] org.apache.catalina.startup.HostConfig.deployDirectory Deployment of web application directory [/Users/harshvardhanyadav/Desktop/PATHWAY/Java/apache-tomcat-10.0.27/webapps/examples] has finished in [127] ms
22-Sep-2026 14:06:20.908 INFO [main] org.apache.catalina.startup.HostConfig.deployDirectory Deploying web application directory [/Users/harshvardhanyadav/Desktop/PATHWAY/Java/apache-tomcat-10.0.27/webapps/ROOT]
22-Sep-2026 14:06:20.915 INFO [main] org.apache.catalina.startup.HostConfig.deployDirectory Deployment of web application directory [/Users/harshvardhanyadav/Desktop/PATHWAY/Java/apache-tomcat-10.0.27/webapps/ROOT] has finished in [7] ms
22-Sep-2026 14:06:20.915 INFO [main] org.apache.catalina.startup.HostConfig.deployDirectory Deploying web application directory [/Users/harshvardhanyadav/Desktop/PATHWAY/Java/apache-tomcat-10.0.27/webapps/host-manager]
22-Sep-2026 14:06:20.923 INFO [main] org.apache.catalina.startup.HostConfig.deployDirectory Deployment of web application directory [/Users/harshvardhanyadav/Desktop/PATHWAY/Java/apache-tomcat-10.0.27/webapps/host-manager] has finished in [8] ms
22-Sep-2026 14:06:20.924 INFO [main] org.apache.catalina.startup.Catalina.start Server startup in [290] milliseconds
22-Sep-2026 14:06:20.928 SEVERE [main] org.apache.catalina.core.StandardServer.await Failed to create server shutdown socket on address [localhost] and port [8005] (base port [8005] and offset [0])
	java.net.BindException: Address already in use
		at java.base/sun.nio.ch.Net.bind0(Native Method)
		at java.base/sun.nio.ch.Net.bind(Net.java:522)
		at java.base/sun.nio.ch.Net.bind(Net.java:511)
		at java.base/sun.nio.ch.NioSocketImpl.bind(NioSocketImpl.java:641)
		at java.base/java.net.ServerSocket.bind(ServerSocket.java:326)
		at java.base/java.net.ServerSocket.<init>(ServerSocket.java:222)
		at org.apache.catalina.core.StandardServer.await(StandardServer.java:580)
		at org.apache.catalina.startup.Catalina.await(Catalina.java:887)
		at org.apache.catalina.startup.Catalina.start(Catalina.java:833)
		at java.base/jdk.internal.reflect.DirectMethodHandleAccessor.invoke(DirectMethodHandleAccessor.java:104)
		at java.base/java.lang.reflect.Method.invoke(Method.java:565)
		at org.apache.catalina.startup.Bootstrap.start(Bootstrap.java:345)
		at org.apache.catalina.startup.Bootstrap.main(Bootstrap.java:476)
22-Sep-2026 14:06:20.928 INFO [main] org.apache.coyote.AbstractProtocol.pause Pausing ProtocolHandler ["http-nio-8080"]
22-Sep-2026 14:06:20.928 INFO [main] org.apache.catalina.core.StandardService.stopInternal Stopping service [Catalina]
22-Sep-2026 14:06:20.936 INFO [main] org.apache.coyote.AbstractProtocol.stop Stopping ProtocolHandler ["http-nio-8080"]
22-Sep-2026 14:06:20.937 INFO [main] org.apache.coyote.AbstractProtocol.destroy Destroying ProtocolHandler ["http-nio-8080"]
22-Sep-2026 14:09:46.947 INFO [Catalina-utility-1] org.apache.catalina.startup.HostConfig.deployDirectory Deploying web application directory [/Users/harshvardhanyadav/Desktop/PATHWAY/Java/apache-tomcat-10.0.27/webapps/JSPPractice]
22-Sep-2026 14:09:46.980 INFO [Catalina-utility-1] org.apache.catalina.startup.HostConfig.deployDirectory Deployment of web application directory [/Users/harshvardhanyadav/Desktop/PATHWAY/Java/apache-tomcat-10.0.27/webapps/JSPPractice] has finished in [35] ms
java.lang.ClassNotFoundException: org.postgresql.Driverjava.lang.ClassNotFoundException: org.postgresql.Driverjava.lang.ClassNotFoundException: org.postgresql.Driverjava.lang.ClassNotFoundException: org.postgresql.Driverjava.lang.ClassNotFoundException: org.postgresql.Driverjava.lang.ClassNotFoundException: org.postgresql.Driverjava.lang.ClassNotFoundException: org.postgresql.Driverjava.lang.ClassNotFoundException: org.postgresql.Driverjava.lang.ClassNotFoundException: org.postgresql.Driver26-Sep-2026 14:51:29.809 INFO [main] org.apache.catalina.core.StandardServer.await A valid shutdown command was received via the shutdown port. Stopping the Server instance.
26-Sep-2026 14:51:29.816 INFO [main] org.apache.coyote.AbstractProtocol.pause Pausing ProtocolHandler ["http-nio-8080"]
26-Sep-2026 14:51:29.854 INFO [main] org.apache.catalina.core.StandardService.stopInternal Stopping service [Catalina]
26-Sep-2026 14:51:29.907 INFO [main] org.apache.coyote.AbstractProtocol.stop Stopping ProtocolHandler ["http-nio-8080"]
26-Sep-2026 14:51:29.920 INFO [main] org.apache.coyote.AbstractProtocol.destroy Destroying ProtocolHandler ["http-nio-8080"]
NOTE: Picked up JDK_JAVA_OPTIONS:  --add-opens=java.base/java.lang=ALL-UNNAMED --add-opens=java.base/java.io=ALL-UNNAMED --add-opens=java.base/java.util=ALL-UNNAMED --add-opens=java.base/java.util.concurrent=ALL-UNNAMED --add-opens=java.rmi/sun.rmi.transport=ALL-UNNAMED
26-Sep-2026 14:51:33.366 INFO [main] org.apache.catalina.startup.VersionLoggerListener.log Server version name:   Apache Tomcat/10.0.27
26-Sep-2026 14:51:33.367 INFO [main] org.apache.catalina.startup.VersionLoggerListener.log Server built:          Oct 3 2022 14:18:31 UTC
26-Sep-2026 14:51:33.367 INFO [main] org.apache.catalina.startup.VersionLoggerListener.log Server version number: 10.0.27.0
26-Sep-2026 14:51:33.367 INFO [main] org.apache.catalina.startup.VersionLoggerListener.log OS Name:               Mac OS X
26-Sep-2026 14:51:33.367 INFO [main] org.apache.catalina.startup.VersionLoggerListener.log OS Version:            26.6.2
26-Sep-2026 14:51:33.367 INFO [main] org.apache.catalina.startup.VersionLoggerListener.log Architecture:          aarch64
26-Sep-2026 14:51:33.367 INFO [main] org.apache.catalina.startup.VersionLoggerListener.log Java Home:             /Library/Java/JavaVirtualMachines/jdk-25.jdk/Contents/Home
26-Sep-2026 14:51:33.367 INFO [main] org.apache.catalina.startup.VersionLoggerListener.log JVM Version:           25.0.2+10-LTS-69
26-Sep-2026 14:51:33.367 INFO [main] org.apache.catalina.startup.VersionLoggerListener.log JVM Vendor:            Oracle Corporation
26-Sep-2026 14:51:33.367 INFO [main] org.apache.catalina.startup.VersionLoggerListener.log CATALINA_BASE:         /Users/harshvardhanyadav/Desktop/PATHWAY/Java/apache-tomcat-10.0.27
26-Sep-2026 14:51:33.368 INFO [main] org.apache.catalina.startup.VersionLoggerListener.log CATALINA_HOME:         /Users/harshvardhanyadav/Desktop/PATHWAY/Java/apache-tomcat-10.0.27
26-Sep-2026 14:51:33.422 INFO [main] org.apache.catalina.startup.VersionLoggerListener.log Command line argument: --add-opens=java.base/java.lang=ALL-UNNAMED
26-Sep-2026 14:51:33.422 INFO [main] org.apache.catalina.startup.VersionLoggerListener.log Command line argument: --add-opens=java.base/java.io=ALL-UNNAMED
26-Sep-2026 14:51:33.422 INFO [main] org.apache.catalina.startup.VersionLoggerListener.log Command line argument: --add-opens=java.base/java.util=ALL-UNNAMED
26-Sep-2026 14:51:33.422 INFO [main] org.apache.catalina.startup.VersionLoggerListener.log Command line argument: --add-opens=java.base/java.util.concurrent=ALL-UNNAMED
26-Sep-2026 14:51:33.422 INFO [main] org.apache.catalina.startup.VersionLoggerListener.log Command line argument: --add-opens=java.rmi/sun.rmi.transport=ALL-UNNAMED
26-Sep-2026 14:51:33.422 INFO [main] org.apache.catalina.startup.VersionLoggerListener.log Command line argument: -Djava.util.logging.config.file=/Users/harshvardhanyadav/Desktop/PATHWAY/Java/apache-tomcat-10.0.27/conf/logging.properties
26-Sep-2026 14:51:33.422 INFO [main] org.apache.catalina.startup.VersionLoggerListener.log Command line argument: -Djava.util.logging.manager=org.apache.juli.ClassLoaderLogManager
26-Sep-2026 14:51:33.422 INFO [main] org.apache.catalina.startup.VersionLoggerListener.log Command line argument: -Djdk.tls.ephemeralDHKeySize=2048
26-Sep-2026 14:51:33.422 INFO [main] org.apache.catalina.startup.VersionLoggerListener.log Command line argument: -Djava.protocol.handler.pkgs=org.apache.catalina.webresources
26-Sep-2026 14:51:33.422 INFO [main] org.apache.catalina.startup.VersionLoggerListener.log Command line argument: -Dorg.apache.catalina.security.SecurityListener.UMASK=0027
26-Sep-2026 14:51:33.422 INFO [main] org.apache.catalina.startup.VersionLoggerListener.log Command line argument: -Dignore.endorsed.dirs=
26-Sep-2026 14:51:33.422 INFO [main] org.apache.catalina.startup.VersionLoggerListener.log Command line argument: -Dcatalina.base=/Users/harshvardhanyadav/Desktop/PATHWAY/Java/apache-tomcat-10.0.27
26-Sep-2026 14:51:33.422 INFO [main] org.apache.catalina.startup.VersionLoggerListener.log Command line argument: -Dcatalina.home=/Users/harshvardhanyadav/Desktop/PATHWAY/Java/apache-tomcat-10.0.27
26-Sep-2026 14:51:33.422 INFO [main] org.apache.catalina.startup.VersionLoggerListener.log Command line argument: -Djava.io.tmpdir=/Users/harshvardhanyadav/Desktop/PATHWAY/Java/apache-tomcat-10.0.27/temp
WARNING: A restricted method in java.lang.System has been called
WARNING: java.lang.System::load has been called by org.apache.tomcat.jni.Library in an unnamed module (file:/Users/harshvardhanyadav/Desktop/PATHWAY/Java/apache-tomcat-10.0.27/lib/tomcat-jni.jar)
WARNING: Use --enable-native-access=ALL-UNNAMED to avoid a warning for callers in this module
WARNING: Restricted methods will be blocked in a future release unless native access is enabled

26-Sep-2026 14:51:33.430 INFO [main] org.apache.catalina.core.AprLifecycleListener.lifecycleEvent The Apache Tomcat Native library which allows using OpenSSL was not found on the java.library.path: [/Users/harshvardhanyadav/Library/Java/Extensions:/Library/Java/Extensions:/Network/Library/Java/Extensions:/System/Library/Java/Extensions:/usr/lib/java:.]
26-Sep-2026 14:51:33.602 INFO [main] org.apache.coyote.AbstractProtocol.init Initializing ProtocolHandler ["http-nio-8080"]
26-Sep-2026 14:51:33.614 INFO [main] org.apache.catalina.startup.Catalina.load Server initialization in [378] milliseconds
26-Sep-2026 14:51:33.629 INFO [main] org.apache.catalina.core.StandardService.startInternal Starting service [Catalina]
26-Sep-2026 14:51:33.629 INFO [main] org.apache.catalina.core.StandardEngine.startInternal Starting Servlet engine: [Apache Tomcat/10.0.27]
26-Sep-2026 14:51:33.633 INFO [main] org.apache.catalina.startup.HostConfig.deployDirectory Deploying web application directory [/Users/harshvardhanyadav/Desktop/PATHWAY/Java/apache-tomcat-10.0.27/webapps/docs]
26-Sep-2026 14:51:33.838 INFO [main] org.apache.jasper.servlet.TldScanner.scanJars At least one JAR was scanned for TLDs yet contained no TLDs. Enable debug logging for this logger for a complete list of JARs that were scanned but no TLDs were found in them. Skipping unneeded JARs during scanning can improve startup time and JSP compilation time.
26-Sep-2026 14:51:33.854 INFO [main] org.apache.catalina.startup.HostConfig.deployDirectory Deployment of web application directory [/Users/harshvardhanyadav/Desktop/PATHWAY/Java/apache-tomcat-10.0.27/webapps/docs] has finished in [220] ms
26-Sep-2026 14:51:33.855 INFO [main] org.apache.catalina.startup.HostConfig.deployDirectory Deploying web application directory [/Users/harshvardhanyadav/Desktop/PATHWAY/Java/apache-tomcat-10.0.27/webapps/manager]
26-Sep-2026 14:51:33.925 INFO [main] org.apache.jasper.servlet.TldScanner.scanJars At least one JAR was scanned for TLDs yet contained no TLDs. Enable debug logging for this logger for a complete list of JARs that were scanned but no TLDs were found in them. Skipping unneeded JARs during scanning can improve startup time and JSP compilation time.
26-Sep-2026 14:51:33.928 INFO [main] org.apache.catalina.startup.HostConfig.deployDirectory Deployment of web application directory [/Users/harshvardhanyadav/Desktop/PATHWAY/Java/apache-tomcat-10.0.27/webapps/manager] has finished in [73] ms
26-Sep-2026 14:51:33.928 INFO [main] org.apache.catalina.startup.HostConfig.deployDirectory Deploying web application directory [/Users/harshvardhanyadav/Desktop/PATHWAY/Java/apache-tomcat-10.0.27/webapps/examples]
26-Sep-2026 14:51:34.698 INFO [main] org.apache.jasper.servlet.TldScanner.scanJars At least one JAR was scanned for TLDs yet contained no TLDs. Enable debug logging for this logger for a complete list of JARs that were scanned but no TLDs were found in them. Skipping unneeded JARs during scanning can improve startup time and JSP compilation time.
26-Sep-2026 14:51:34.705 INFO [main] org.apache.catalina.startup.HostConfig.deployDirectory Deployment of web application directory [/Users/harshvardhanyadav/Desktop/PATHWAY/Java/apache-tomcat-10.0.27/webapps/examples] has finished in [777] ms
26-Sep-2026 14:51:34.705 INFO [main] org.apache.catalina.startup.HostConfig.deployDirectory Deploying web application directory [/Users/harshvardhanyadav/Desktop/PATHWAY/Java/apache-tomcat-10.0.27/webapps/ROOT]
26-Sep-2026 14:51:34.750 INFO [main] org.apache.jasper.servlet.TldScanner.scanJars At least one JAR was scanned for TLDs yet contained no TLDs. Enable debug logging for this logger for a complete list of JARs that were scanned but no TLDs were found in them. Skipping unneeded JARs during scanning can improve startup time and JSP compilation time.
26-Sep-2026 14:51:34.751 INFO [main] org.apache.catalina.startup.HostConfig.deployDirectory Deployment of web application directory [/Users/harshvardhanyadav/Desktop/PATHWAY/Java/apache-tomcat-10.0.27/webapps/ROOT] has finished in [46] ms
26-Sep-2026 14:51:34.751 INFO [main] org.apache.catalina.startup.HostConfig.deployDirectory Deploying web application directory [/Users/harshvardhanyadav/Desktop/PATHWAY/Java/apache-tomcat-10.0.27/webapps/host-manager]
26-Sep-2026 14:51:34.828 INFO [main] org.apache.jasper.servlet.TldScanner.scanJars At least one JAR was scanned for TLDs yet contained no TLDs. Enable debug logging for this logger for a complete list of JARs that were scanned but no TLDs were found in them. Skipping unneeded JARs during scanning can improve startup time and JSP compilation time.
26-Sep-2026 14:51:34.828 INFO [main] org.apache.catalina.startup.HostConfig.deployDirectory Deployment of web application directory [/Users/harshvardhanyadav/Desktop/PATHWAY/Java/apache-tomcat-10.0.27/webapps/host-manager] has finished in [77] ms
26-Sep-2026 14:51:34.828 INFO [main] org.apache.catalina.startup.HostConfig.deployDirectory Deploying web application directory [/Users/harshvardhanyadav/Desktop/PATHWAY/Java/apache-tomcat-10.0.27/webapps/JSPPractice]
26-Sep-2026 14:51:34.866 INFO [main] org.apache.jasper.servlet.TldScanner.scanJars At least one JAR was scanned for TLDs yet contained no TLDs. Enable debug logging for this logger for a complete list of JARs that were scanned but no TLDs were found in them. Skipping unneeded JARs during scanning can improve startup time and JSP compilation time.
26-Sep-2026 14:51:34.869 INFO [main] org.apache.catalina.startup.HostConfig.deployDirectory Deployment of web application directory [/Users/harshvardhanyadav/Desktop/PATHWAY/Java/apache-tomcat-10.0.27/webapps/JSPPractice] has finished in [41] ms
26-Sep-2026 14:51:34.871 INFO [main] org.apache.coyote.AbstractProtocol.start Starting ProtocolHandler ["http-nio-8080"]
26-Sep-2026 14:51:34.877 INFO [main] org.apache.catalina.startup.Catalina.start Server startup in [1262] milliseconds
27-Sep-2026 02:24:40.806 INFO [Thread-1] org.apache.coyote.AbstractProtocol.pause Pausing ProtocolHandler ["http-nio-8080"]
27-Sep-2026 02:24:40.835 INFO [Thread-1] org.apache.catalina.core.StandardService.stopInternal Stopping service [Catalina]
27-Sep-2026 02:24:40.945 INFO [Thread-1] org.apache.coyote.AbstractProtocol.stop Stopping ProtocolHandler ["http-nio-8080"]
27-Sep-2026 02:24:40.969 INFO [Thread-1] org.apache.coyote.AbstractProtocol.destroy Destroying ProtocolHandler ["http-nio-8080"]
NOTE: Picked up JDK_JAVA_OPTIONS:  --add-opens=java.base/java.lang=ALL-UNNAMED --add-opens=java.base/java.io=ALL-UNNAMED --add-opens=java.base/java.util=ALL-UNNAMED --add-opens=java.base/java.util.concurrent=ALL-UNNAMED --add-opens=java.rmi/sun.rmi.transport=ALL-UNNAMED
27-Sep-2026 15:20:32.416 INFO [main] org.apache.catalina.startup.VersionLoggerListener.log Server version name:   Apache Tomcat/10.0.27
27-Sep-2026 15:20:32.419 INFO [main] org.apache.catalina.startup.VersionLoggerListener.log Server built:          Oct 3 2022 14:18:31 UTC
27-Sep-2026 15:20:32.419 INFO [main] org.apache.catalina.startup.VersionLoggerListener.log Server version number: 10.0.27.0
27-Sep-2026 15:20:32.420 INFO [main] org.apache.catalina.startup.VersionLoggerListener.log OS Name:               Mac OS X
27-Sep-2026 15:20:32.420 INFO [main] org.apache.catalina.startup.VersionLoggerListener.log OS Version:            27.0
27-Sep-2026 15:20:32.420 INFO [main] org.apache.catalina.startup.VersionLoggerListener.log Architecture:          aarch64
27-Sep-2026 15:20:32.420 INFO [main] org.apache.catalina.startup.VersionLoggerListener.log Java Home:             /Library/Java/JavaVirtualMachines/jdk-25.jdk/Contents/Home
27-Sep-2026 15:20:32.420 INFO [main] org.apache.catalina.startup.VersionLoggerListener.log JVM Version:           25.0.2+10-LTS-69
27-Sep-2026 15:20:32.421 INFO [main] org.apache.catalina.startup.VersionLoggerListener.log JVM Vendor:            Oracle Corporation
27-Sep-2026 15:20:32.421 INFO [main] org.apache.catalina.startup.VersionLoggerListener.log CATALINA_BASE:         /Users/harshvardhanyadav/Desktop/PATHWAY/Java/apache-tomcat-10.0.27
27-Sep-2026 15:20:32.421 INFO [main] org.apache.catalina.startup.VersionLoggerListener.log CATALINA_HOME:         /Users/harshvardhanyadav/Desktop/PATHWAY/Java/apache-tomcat-10.0.27
27-Sep-2026 15:20:32.491 INFO [main] org.apache.catalina.startup.VersionLoggerListener.log Command line argument: --add-opens=java.base/java.lang=ALL-UNNAMED
27-Sep-2026 15:20:32.491 INFO [main] org.apache.catalina.startup.VersionLoggerListener.log Command line argument: --add-opens=java.base/java.io=ALL-UNNAMED
27-Sep-2026 15:20:32.491 INFO [main] org.apache.catalina.startup.VersionLoggerListener.log Command line argument: --add-opens=java.base/java.util=ALL-UNNAMED
27-Sep-2026 15:20:32.491 INFO [main] org.apache.catalina.startup.VersionLoggerListener.log Command line argument: --add-opens=java.base/java.util.concurrent=ALL-UNNAMED
27-Sep-2026 15:20:32.491 INFO [main] org.apache.catalina.startup.VersionLoggerListener.log Command line argument: --add-opens=java.rmi/sun.rmi.transport=ALL-UNNAMED
27-Sep-2026 15:20:32.491 INFO [main] org.apache.catalina.startup.VersionLoggerListener.log Command line argument: -Djava.util.logging.config.file=/Users/harshvardhanyadav/Desktop/PATHWAY/Java/apache-tomcat-10.0.27/conf/logging.properties
27-Sep-2026 15:20:32.491 INFO [main] org.apache.catalina.startup.VersionLoggerListener.log Command line argument: -Djava.util.logging.manager=org.apache.juli.ClassLoaderLogManager
27-Sep-2026 15:20:32.491 INFO [main] org.apache.catalina.startup.VersionLoggerListener.log Command line argument: -Djdk.tls.ephemeralDHKeySize=2048
27-Sep-2026 15:20:32.491 INFO [main] org.apache.catalina.startup.VersionLoggerListener.log Command line argument: -Djava.protocol.handler.pkgs=org.apache.catalina.webresources
27-Sep-2026 15:20:32.491 INFO [main] org.apache.catalina.startup.VersionLoggerListener.log Command line argument: -Dorg.apache.catalina.security.SecurityListener.UMASK=0027
27-Sep-2026 15:20:32.491 INFO [main] org.apache.catalina.startup.VersionLoggerListener.log Command line argument: -Dignore.endorsed.dirs=
27-Sep-2026 15:20:32.491 INFO [main] org.apache.catalina.startup.VersionLoggerListener.log Command line argument: -Dcatalina.base=/Users/harshvardhanyadav/Desktop/PATHWAY/Java/apache-tomcat-10.0.27
27-Sep-2026 15:20:32.491 INFO [main] org.apache.catalina.startup.VersionLoggerListener.log Command line argument: -Dcatalina.home=/Users/harshvardhanyadav/Desktop/PATHWAY/Java/apache-tomcat-10.0.27
27-Sep-2026 15:20:32.491 INFO [main] org.apache.catalina.startup.VersionLoggerListener.log Command line argument: -Djava.io.tmpdir=/Users/harshvardhanyadav/Desktop/PATHWAY/Java/apache-tomcat-10.0.27/temp
WARNING: A restricted method in java.lang.System has been called
WARNING: java.lang.System::load has been called by org.apache.tomcat.jni.Library in an unnamed module (file:/Users/harshvardhanyadav/Desktop/PATHWAY/Java/apache-tomcat-10.0.27/lib/tomcat-jni.jar)
WARNING: Use --enable-native-access=ALL-UNNAMED to avoid a warning for callers in this module
WARNING: Restricted methods will be blocked in a future release unless native access is enabled

27-Sep-2026 15:20:32.502 INFO [main] org.apache.catalina.core.AprLifecycleListener.lifecycleEvent The Apache Tomcat Native library which allows using OpenSSL was not found on the java.library.path: [/Users/harshvardhanyadav/Library/Java/Extensions:/Library/Java/Extensions:/Network/Library/Java/Extensions:/System/Library/Java/Extensions:/usr/lib/java:.]
27-Sep-2026 15:20:32.693 INFO [main] org.apache.coyote.AbstractProtocol.init Initializing ProtocolHandler ["http-nio-8080"]
27-Sep-2026 15:20:32.756 INFO [main] org.apache.catalina.startup.Catalina.load Server initialization in [497] milliseconds
27-Sep-2026 15:20:32.794 INFO [main] org.apache.catalina.core.StandardService.startInternal Starting service [Catalina]
27-Sep-2026 15:20:32.794 INFO [main] org.apache.catalina.core.StandardEngine.startInternal Starting Servlet engine: [Apache Tomcat/10.0.27]
27-Sep-2026 15:20:32.798 INFO [main] org.apache.catalina.startup.HostConfig.deployDirectory Deploying web application directory [/Users/harshvardhanyadav/Desktop/PATHWAY/Java/apache-tomcat-10.0.27/webapps/docs]
27-Sep-2026 15:20:33.030 INFO [main] org.apache.jasper.servlet.TldScanner.scanJars At least one JAR was scanned for TLDs yet contained no TLDs. Enable debug logging for this logger for a complete list of JARs that were scanned but no TLDs were found in them. Skipping unneeded JARs during scanning can improve startup time and JSP compilation time.
27-Sep-2026 15:20:33.050 INFO [main] org.apache.catalina.startup.HostConfig.deployDirectory Deployment of web application directory [/Users/harshvardhanyadav/Desktop/PATHWAY/Java/apache-tomcat-10.0.27/webapps/docs] has finished in [250] ms
27-Sep-2026 15:20:33.050 INFO [main] org.apache.catalina.startup.HostConfig.deployDirectory Deploying web application directory [/Users/harshvardhanyadav/Desktop/PATHWAY/Java/apache-tomcat-10.0.27/webapps/manager]
27-Sep-2026 15:20:33.136 INFO [main] org.apache.jasper.servlet.TldScanner.scanJars At least one JAR was scanned for TLDs yet contained no TLDs. Enable debug logging for this logger for a complete list of JARs that were scanned but no TLDs were found in them. Skipping unneeded JARs during scanning can improve startup time and JSP compilation time.
27-Sep-2026 15:20:33.140 INFO [main] org.apache.catalina.startup.HostConfig.deployDirectory Deployment of web application directory [/Users/harshvardhanyadav/Desktop/PATHWAY/Java/apache-tomcat-10.0.27/webapps/manager] has finished in [90] ms
27-Sep-2026 15:20:33.140 INFO [main] org.apache.catalina.startup.HostConfig.deployDirectory Deploying web application directory [/Users/harshvardhanyadav/Desktop/PATHWAY/Java/apache-tomcat-10.0.27/webapps/examples]
27-Sep-2026 15:20:33.778 INFO [main] org.apache.jasper.servlet.TldScanner.scanJars At least one JAR was scanned for TLDs yet contained no TLDs. Enable debug logging for this logger for a complete list of JARs that were scanned but no TLDs were found in them. Skipping unneeded JARs during scanning can improve startup time and JSP compilation time.
27-Sep-2026 15:20:33.786 INFO [main] org.apache.catalina.startup.HostConfig.deployDirectory Deployment of web application directory [/Users/harshvardhanyadav/Desktop/PATHWAY/Java/apache-tomcat-10.0.27/webapps/examples] has finished in [646] ms
27-Sep-2026 15:20:33.786 INFO [main] org.apache.catalina.startup.HostConfig.deployDirectory Deploying web application directory [/Users/harshvardhanyadav/Desktop/PATHWAY/Java/apache-tomcat-10.0.27/webapps/ROOT]
27-Sep-2026 15:20:33.831 INFO [main] org.apache.jasper.servlet.TldScanner.scanJars At least one JAR was scanned for TLDs yet contained no TLDs. Enable debug logging for this logger for a complete list of JARs that were scanned but no TLDs were found in them. Skipping unneeded JARs during scanning can improve startup time and JSP compilation time.
27-Sep-2026 15:20:33.831 INFO [main] org.apache.catalina.startup.HostConfig.deployDirectory Deployment of web application directory [/Users/harshvardhanyadav/Desktop/PATHWAY/Java/apache-tomcat-10.0.27/webapps/ROOT] has finished in [45] ms
27-Sep-2026 15:20:33.831 INFO [main] org.apache.catalina.startup.HostConfig.deployDirectory Deploying web application directory [/Users/harshvardhanyadav/Desktop/PATHWAY/Java/apache-tomcat-10.0.27/webapps/host-manager]
27-Sep-2026 15:20:33.879 INFO [main] org.apache.jasper.servlet.TldScanner.scanJars At least one JAR was scanned for TLDs yet contained no TLDs. Enable debug logging for this logger for a complete list of JARs that were scanned but no TLDs were found in them. Skipping unneeded JARs during scanning can improve startup time and JSP compilation time.
27-Sep-2026 15:20:33.880 INFO [main] org.apache.catalina.startup.HostConfig.deployDirectory Deployment of web application directory [/Users/harshvardhanyadav/Desktop/PATHWAY/Java/apache-tomcat-10.0.27/webapps/host-manager] has finished in [48] ms
27-Sep-2026 15:20:33.880 INFO [main] org.apache.catalina.startup.HostConfig.deployDirectory Deploying web application directory [/Users/harshvardhanyadav/Desktop/PATHWAY/Java/apache-tomcat-10.0.27/webapps/JSPPractice]
27-Sep-2026 15:20:33.915 INFO [main] org.apache.jasper.servlet.TldScanner.scanJars At least one JAR was scanned for TLDs yet contained no TLDs. Enable debug logging for this logger for a complete list of JARs that were scanned but no TLDs were found in them. Skipping unneeded JARs during scanning can improve startup time and JSP compilation time.
27-Sep-2026 15:20:33.919 INFO [main] org.apache.catalina.startup.HostConfig.deployDirectory Deployment of web application directory [/Users/harshvardhanyadav/Desktop/PATHWAY/Java/apache-tomcat-10.0.27/webapps/JSPPractice] has finished in [39] ms
27-Sep-2026 15:20:33.920 INFO [main] org.apache.coyote.AbstractProtocol.start Starting ProtocolHandler ["http-nio-8080"]
27-Sep-2026 15:20:33.926 INFO [main] org.apache.catalina.startup.Catalina.start Server startup in [1169] milliseconds
org.postgresql.util.PSQLException: FATAL: password authentication failed for user "localhost"
org.postgresql.util.PSQLException: FATAL: password authentication failed for user "localhost"
org.postgresql.util.PSQLException: FATAL: password authentication failed for user "localhost"
org.postgresql.util.PSQLException: FATAL: password authentication failed for user "localhost"
org.postgresql.util.PSQLException: FATAL: password authentication failed for user "localhost"
org.postgresql.util.PSQLException: FATAL: password authentication failed for user "localhost"
org.postgresql.util.PSQLException: FATAL: password authentication failed for user "localhost"
java.lang.NumberFormatException: Cannot parse null string
java.lang.NumberFormatException: Cannot parse null string
java.lang.NumberFormatException: Cannot parse null string
java.lang.NumberFormatException: Cannot parse null string
java.lang.NumberFormatException: Cannot parse null string
java.lang.NumberFormatException: Cannot parse null string
27-Sep-2026 17:57:14.105 INFO [Thread-1] org.apache.coyote.AbstractProtocol.pause Pausing ProtocolHandler ["http-nio-8080"]
27-Sep-2026 17:57:14.129 INFO [Thread-1] org.apache.catalina.core.StandardService.stopInternal Stopping service [Catalina]
27-Sep-2026 17:57:14.174 INFO [Thread-1] org.apache.coyote.AbstractProtocol.stop Stopping ProtocolHandler ["http-nio-8080"]
27-Sep-2026 17:57:14.184 INFO [Thread-1] org.apache.coyote.AbstractProtocol.destroy Destroying ProtocolHandler ["http-nio-8080"]
NOTE: Picked up JDK_JAVA_OPTIONS:  --add-opens=java.base/java.lang=ALL-UNNAMED --add-opens=java.base/java.io=ALL-UNNAMED --add-opens=java.base/java.util=ALL-UNNAMED --add-opens=java.base/java.util.concurrent=ALL-UNNAMED --add-opens=java.rmi/sun.rmi.transport=ALL-UNNAMED
29-Sep-2026 13:57:11.793 INFO [main] org.apache.catalina.startup.VersionLoggerListener.log Server version name:   Apache Tomcat/10.0.27
29-Sep-2026 13:57:11.794 INFO [main] org.apache.catalina.startup.VersionLoggerListener.log Server built:          Oct 3 2022 14:18:31 UTC
29-Sep-2026 13:57:11.795 INFO [main] org.apache.catalina.startup.VersionLoggerListener.log Server version number: 10.0.27.0
29-Sep-2026 13:57:11.795 INFO [main] org.apache.catalina.startup.VersionLoggerListener.log OS Name:               Mac OS X
29-Sep-2026 13:57:11.795 INFO [main] org.apache.catalina.startup.VersionLoggerListener.log OS Version:            27.0
29-Sep-2026 13:57:11.795 INFO [main] org.apache.catalina.startup.VersionLoggerListener.log Architecture:          aarch64
29-Sep-2026 13:57:11.795 INFO [main] org.apache.catalina.startup.VersionLoggerListener.log Java Home:             /Library/Java/JavaVirtualMachines/jdk-25.jdk/Contents/Home
29-Sep-2026 13:57:11.795 INFO [main] org.apache.catalina.startup.VersionLoggerListener.log JVM Version:           25.0.2+10-LTS-69
29-Sep-2026 13:57:11.795 INFO [main] org.apache.catalina.startup.VersionLoggerListener.log JVM Vendor:            Oracle Corporation
29-Sep-2026 13:57:11.795 INFO [main] org.apache.catalina.startup.VersionLoggerListener.log CATALINA_BASE:         /Users/harshvardhanyadav/Desktop/PATHWAY/Java/apache-tomcat-10.0.27
29-Sep-2026 13:57:11.795 INFO [main] org.apache.catalina.startup.VersionLoggerListener.log CATALINA_HOME:         /Users/harshvardhanyadav/Desktop/PATHWAY/Java/apache-tomcat-10.0.27
29-Sep-2026 13:57:11.873 INFO [main] org.apache.catalina.startup.VersionLoggerListener.log Command line argument: --add-opens=java.base/java.lang=ALL-UNNAMED
29-Sep-2026 13:57:11.873 INFO [main] org.apache.catalina.startup.VersionLoggerListener.log Command line argument: --add-opens=java.base/java.io=ALL-UNNAMED
29-Sep-2026 13:57:11.874 INFO [main] org.apache.catalina.startup.VersionLoggerListener.log Command line argument: --add-opens=java.base/java.util=ALL-UNNAMED
29-Sep-2026 13:57:11.874 INFO [main] org.apache.catalina.startup.VersionLoggerListener.log Command line argument: --add-opens=java.base/java.util.concurrent=ALL-UNNAMED
29-Sep-2026 13:57:11.874 INFO [main] org.apache.catalina.startup.VersionLoggerListener.log Command line argument: --add-opens=java.rmi/sun.rmi.transport=ALL-UNNAMED
29-Sep-2026 13:57:11.874 INFO [main] org.apache.catalina.startup.VersionLoggerListener.log Command line argument: -Djava.util.logging.config.file=/Users/harshvardhanyadav/Desktop/PATHWAY/Java/apache-tomcat-10.0.27/conf/logging.properties
29-Sep-2026 13:57:11.874 INFO [main] org.apache.catalina.startup.VersionLoggerListener.log Command line argument: -Djava.util.logging.manager=org.apache.juli.ClassLoaderLogManager
29-Sep-2026 13:57:11.874 INFO [main] org.apache.catalina.startup.VersionLoggerListener.log Command line argument: -Djdk.tls.ephemeralDHKeySize=2048
29-Sep-2026 13:57:11.874 INFO [main] org.apache.catalina.startup.VersionLoggerListener.log Command line argument: -Djava.protocol.handler.pkgs=org.apache.catalina.webresources
29-Sep-2026 13:57:11.874 INFO [main] org.apache.catalina.startup.VersionLoggerListener.log Command line argument: -Dorg.apache.catalina.security.SecurityListener.UMASK=0027
29-Sep-2026 13:57:11.874 INFO [main] org.apache.catalina.startup.VersionLoggerListener.log Command line argument: -Dignore.endorsed.dirs=
29-Sep-2026 13:57:11.874 INFO [main] org.apache.catalina.startup.VersionLoggerListener.log Command line argument: -Dcatalina.base=/Users/harshvardhanyadav/Desktop/PATHWAY/Java/apache-tomcat-10.0.27
29-Sep-2026 13:57:11.874 INFO [main] org.apache.catalina.startup.VersionLoggerListener.log Command line argument: -Dcatalina.home=/Users/harshvardhanyadav/Desktop/PATHWAY/Java/apache-tomcat-10.0.27
29-Sep-2026 13:57:11.874 INFO [main] org.apache.catalina.startup.VersionLoggerListener.log Command line argument: -Djava.io.tmpdir=/Users/harshvardhanyadav/Desktop/PATHWAY/Java/apache-tomcat-10.0.27/temp
WARNING: A restricted method in java.lang.System has been called
WARNING: java.lang.System::load has been called by org.apache.tomcat.jni.Library in an unnamed module (file:/Users/harshvardhanyadav/Desktop/PATHWAY/Java/apache-tomcat-10.0.27/lib/tomcat-jni.jar)
WARNING: Use --enable-native-access=ALL-UNNAMED to avoid a warning for callers in this module
WARNING: Restricted methods will be blocked in a future release unless native access is enabled

29-Sep-2026 13:57:11.882 INFO [main] org.apache.catalina.core.AprLifecycleListener.lifecycleEvent The Apache Tomcat Native library which allows using OpenSSL was not found on the java.library.path: [/Users/harshvardhanyadav/Library/Java/Extensions:/Library/Java/Extensions:/Network/Library/Java/Extensions:/System/Library/Java/Extensions:/usr/lib/java:.]
29-Sep-2026 13:57:12.070 INFO [main] org.apache.coyote.AbstractProtocol.init Initializing ProtocolHandler ["http-nio-8080"]
29-Sep-2026 13:57:12.133 INFO [main] org.apache.catalina.startup.Catalina.load Server initialization in [458] milliseconds
29-Sep-2026 13:57:12.168 INFO [main] org.apache.catalina.core.StandardService.startInternal Starting service [Catalina]
29-Sep-2026 13:57:12.168 INFO [main] org.apache.catalina.core.StandardEngine.startInternal Starting Servlet engine: [Apache Tomcat/10.0.27]
29-Sep-2026 13:57:12.173 INFO [main] org.apache.catalina.startup.HostConfig.deployDirectory Deploying web application directory [/Users/harshvardhanyadav/Desktop/PATHWAY/Java/apache-tomcat-10.0.27/webapps/docs]
29-Sep-2026 13:57:12.418 INFO [main] org.apache.jasper.servlet.TldScanner.scanJars At least one JAR was scanned for TLDs yet contained no TLDs. Enable debug logging for this logger for a complete list of JARs that were scanned but no TLDs were found in them. Skipping unneeded JARs during scanning can improve startup time and JSP compilation time.
29-Sep-2026 13:57:12.440 INFO [main] org.apache.catalina.startup.HostConfig.deployDirectory Deployment of web application directory [/Users/harshvardhanyadav/Desktop/PATHWAY/Java/apache-tomcat-10.0.27/webapps/docs] has finished in [265] ms
29-Sep-2026 13:57:12.441 INFO [main] org.apache.catalina.startup.HostConfig.deployDirectory Deploying web application directory [/Users/harshvardhanyadav/Desktop/PATHWAY/Java/apache-tomcat-10.0.27/webapps/manager]
29-Sep-2026 13:57:12.532 INFO [main] org.apache.jasper.servlet.TldScanner.scanJars At least one JAR was scanned for TLDs yet contained no TLDs. Enable debug logging for this logger for a complete list of JARs that were scanned but no TLDs were found in them. Skipping unneeded JARs during scanning can improve startup time and JSP compilation time.
29-Sep-2026 13:57:12.536 INFO [main] org.apache.catalina.startup.HostConfig.deployDirectory Deployment of web application directory [/Users/harshvardhanyadav/Desktop/PATHWAY/Java/apache-tomcat-10.0.27/webapps/manager] has finished in [95] ms
29-Sep-2026 13:57:12.536 INFO [main] org.apache.catalina.startup.HostConfig.deployDirectory Deploying web application directory [/Users/harshvardhanyadav/Desktop/PATHWAY/Java/apache-tomcat-10.0.27/webapps/examples]
29-Sep-2026 13:57:13.162 INFO [main] org.apache.jasper.servlet.TldScanner.scanJars At least one JAR was scanned for TLDs yet contained no TLDs. Enable debug logging for this logger for a complete list of JARs that were scanned but no TLDs were found in them. Skipping unneeded JARs during scanning can improve startup time and JSP compilation time.
29-Sep-2026 13:57:13.169 INFO [main] org.apache.catalina.startup.HostConfig.deployDirectory Deployment of web application directory [/Users/harshvardhanyadav/Desktop/PATHWAY/Java/apache-tomcat-10.0.27/webapps/examples] has finished in [633] ms
29-Sep-2026 13:57:13.169 INFO [main] org.apache.catalina.startup.HostConfig.deployDirectory Deploying web application directory [/Users/harshvardhanyadav/Desktop/PATHWAY/Java/apache-tomcat-10.0.27/webapps/ROOT]
29-Sep-2026 13:57:13.223 INFO [main] org.apache.jasper.servlet.TldScanner.scanJars At least one JAR was scanned for TLDs yet contained no TLDs. Enable debug logging for this logger for a complete list of JARs that were scanned but no TLDs were found in them. Skipping unneeded JARs during scanning can improve startup time and JSP compilation time.
29-Sep-2026 13:57:13.224 INFO [main] org.apache.catalina.startup.HostConfig.deployDirectory Deployment of web application directory [/Users/harshvardhanyadav/Desktop/PATHWAY/Java/apache-tomcat-10.0.27/webapps/ROOT] has finished in [55] ms
29-Sep-2026 13:57:13.224 INFO [main] org.apache.catalina.startup.HostConfig.deployDirectory Deploying web application directory [/Users/harshvardhanyadav/Desktop/PATHWAY/Java/apache-tomcat-10.0.27/webapps/host-manager]
29-Sep-2026 13:57:13.294 INFO [main] org.apache.jasper.servlet.TldScanner.scanJars At least one JAR was scanned for TLDs yet contained no TLDs. Enable debug logging for this logger for a complete list of JARs that were scanned but no TLDs were found in them. Skipping unneeded JARs during scanning can improve startup time and JSP compilation time.
29-Sep-2026 13:57:13.295 INFO [main] org.apache.catalina.startup.HostConfig.deployDirectory Deployment of web application directory [/Users/harshvardhanyadav/Desktop/PATHWAY/Java/apache-tomcat-10.0.27/webapps/host-manager] has finished in [71] ms
29-Sep-2026 13:57:13.295 INFO [main] org.apache.catalina.startup.HostConfig.deployDirectory Deploying web application directory [/Users/harshvardhanyadav/Desktop/PATHWAY/Java/apache-tomcat-10.0.27/webapps/JSPPractice]
29-Sep-2026 13:57:13.333 INFO [main] org.apache.jasper.servlet.TldScanner.scanJars At least one JAR was scanned for TLDs yet contained no TLDs. Enable debug logging for this logger for a complete list of JARs that were scanned but no TLDs were found in them. Skipping unneeded JARs during scanning can improve startup time and JSP compilation time.
29-Sep-2026 13:57:13.336 INFO [main] org.apache.catalina.startup.HostConfig.deployDirectory Deployment of web application directory [/Users/harshvardhanyadav/Desktop/PATHWAY/Java/apache-tomcat-10.0.27/webapps/JSPPractice] has finished in [41] ms
29-Sep-2026 13:57:13.337 INFO [main] org.apache.coyote.AbstractProtocol.start Starting ProtocolHandler ["http-nio-8080"]
29-Sep-2026 13:57:13.344 INFO [main] org.apache.catalina.startup.Catalina.start Server startup in [1210] milliseconds
30-Sep-2026 11:36:55.873 INFO [Thread-1] org.apache.coyote.AbstractProtocol.pause Pausing ProtocolHandler ["http-nio-8080"]
30-Sep-2026 11:36:55.895 INFO [Thread-1] org.apache.catalina.core.StandardService.stopInternal Stopping service [Catalina]
30-Sep-2026 11:36:55.939 INFO [Thread-1] org.apache.coyote.AbstractProtocol.stop Stopping ProtocolHandler ["http-nio-8080"]
30-Sep-2026 11:36:55.948 INFO [Thread-1] org.apache.coyote.AbstractProtocol.destroy Destroying ProtocolHandler ["http-nio-8080"]
NOTE: Picked up JDK_JAVA_OPTIONS:  --add-opens=java.base/java.lang=ALL-UNNAMED --add-opens=java.base/java.io=ALL-UNNAMED --add-opens=java.base/java.util=ALL-UNNAMED --add-opens=java.base/java.util.concurrent=ALL-UNNAMED --add-opens=java.rmi/sun.rmi.transport=ALL-UNNAMED
07-Oct-2026 18:48:34.670 INFO [main] org.apache.catalina.startup.VersionLoggerListener.log Server version name:   Apache Tomcat/10.0.27
07-Oct-2026 18:48:34.671 INFO [main] org.apache.catalina.startup.VersionLoggerListener.log Server built:          Oct 3 2022 14:18:31 UTC
07-Oct-2026 18:48:34.671 INFO [main] org.apache.catalina.startup.VersionLoggerListener.log Server version number: 10.0.27.0
07-Oct-2026 18:48:34.671 INFO [main] org.apache.catalina.startup.VersionLoggerListener.log OS Name:               Mac OS X
07-Oct-2026 18:48:34.671 INFO [main] org.apache.catalina.startup.VersionLoggerListener.log OS Version:            27.0.1
07-Oct-2026 18:48:34.671 INFO [main] org.apache.catalina.startup.VersionLoggerListener.log Architecture:          aarch64
07-Oct-2026 18:48:34.671 INFO [main] org.apache.catalina.startup.VersionLoggerListener.log Java Home:             /Library/Java/JavaVirtualMachines/jdk-25.jdk/Contents/Home
07-Oct-2026 18:48:34.671 INFO [main] org.apache.catalina.startup.VersionLoggerListener.log JVM Version:           25.0.2+10-LTS-69
07-Oct-2026 18:48:34.671 INFO [main] org.apache.catalina.startup.VersionLoggerListener.log JVM Vendor:            Oracle Corporation
07-Oct-2026 18:48:34.671 INFO [main] org.apache.catalina.startup.VersionLoggerListener.log CATALINA_BASE:         /Users/harshvardhanyadav/Desktop/PATHWAY/Java/apache-tomcat-10.0.27
07-Oct-2026 18:48:34.671 INFO [main] org.apache.catalina.startup.VersionLoggerListener.log CATALINA_HOME:         /Users/harshvardhanyadav/Desktop/PATHWAY/Java/apache-tomcat-10.0.27
07-Oct-2026 18:48:34.752 INFO [main] org.apache.catalina.startup.VersionLoggerListener.log Command line argument: --add-opens=java.base/java.lang=ALL-UNNAMED
07-Oct-2026 18:48:34.752 INFO [main] org.apache.catalina.startup.VersionLoggerListener.log Command line argument: --add-opens=java.base/java.io=ALL-UNNAMED
07-Oct-2026 18:48:34.752 INFO [main] org.apache.catalina.startup.VersionLoggerListener.log Command line argument: --add-opens=java.base/java.util=ALL-UNNAMED
07-Oct-2026 18:48:34.752 INFO [main] org.apache.catalina.startup.VersionLoggerListener.log Command line argument: --add-opens=java.base/java.util.concurrent=ALL-UNNAMED
07-Oct-2026 18:48:34.752 INFO [main] org.apache.catalina.startup.VersionLoggerListener.log Command line argument: --add-opens=java.rmi/sun.rmi.transport=ALL-UNNAMED
07-Oct-2026 18:48:34.752 INFO [main] org.apache.catalina.startup.VersionLoggerListener.log Command line argument: -Djava.util.logging.config.file=/Users/harshvardhanyadav/Desktop/PATHWAY/Java/apache-tomcat-10.0.27/conf/logging.properties
07-Oct-2026 18:48:34.753 INFO [main] org.apache.catalina.startup.VersionLoggerListener.log Command line argument: -Djava.util.logging.manager=org.apache.juli.ClassLoaderLogManager
07-Oct-2026 18:48:34.753 INFO [main] org.apache.catalina.startup.VersionLoggerListener.log Command line argument: -Djdk.tls.ephemeralDHKeySize=2048
07-Oct-2026 18:48:34.753 INFO [main] org.apache.catalina.startup.VersionLoggerListener.log Command line argument: -Djava.protocol.handler.pkgs=org.apache.catalina.webresources
07-Oct-2026 18:48:34.753 INFO [main] org.apache.catalina.startup.VersionLoggerListener.log Command line argument: -Dorg.apache.catalina.security.SecurityListener.UMASK=0027
07-Oct-2026 18:48:34.753 INFO [main] org.apache.catalina.startup.VersionLoggerListener.log Command line argument: -Dignore.endorsed.dirs=
07-Oct-2026 18:48:34.753 INFO [main] org.apache.catalina.startup.VersionLoggerListener.log Command line argument: -Dcatalina.base=/Users/harshvardhanyadav/Desktop/PATHWAY/Java/apache-tomcat-10.0.27
07-Oct-2026 18:48:34.753 INFO [main] org.apache.catalina.startup.VersionLoggerListener.log Command line argument: -Dcatalina.home=/Users/harshvardhanyadav/Desktop/PATHWAY/Java/apache-tomcat-10.0.27
07-Oct-2026 18:48:34.753 INFO [main] org.apache.catalina.startup.VersionLoggerListener.log Command line argument: -Djava.io.tmpdir=/Users/harshvardhanyadav/Desktop/PATHWAY/Java/apache-tomcat-10.0.27/temp
WARNING: A restricted method in java.lang.System has been called
WARNING: java.lang.System::load has been called by org.apache.tomcat.jni.Library in an unnamed module (file:/Users/harshvardhanyadav/Desktop/PATHWAY/Java/apache-tomcat-10.0.27/lib/tomcat-jni.jar)
WARNING: Use --enable-native-access=ALL-UNNAMED to avoid a warning for callers in this module
WARNING: Restricted methods will be blocked in a future release unless native access is enabled

07-Oct-2026 18:48:34.760 INFO [main] org.apache.catalina.core.AprLifecycleListener.lifecycleEvent The Apache Tomcat Native library which allows using OpenSSL was not found on the java.library.path: [/Users/harshvardhanyadav/Library/Java/Extensions:/Library/Java/Extensions:/Network/Library/Java/Extensions:/System/Library/Java/Extensions:/usr/lib/java:.]
07-Oct-2026 18:48:34.931 INFO [main] org.apache.coyote.AbstractProtocol.init Initializing ProtocolHandler ["http-nio-8080"]
07-Oct-2026 18:48:34.993 INFO [main] org.apache.catalina.startup.Catalina.load Server initialization in [409] milliseconds
07-Oct-2026 18:48:35.009 INFO [main] org.apache.catalina.core.StandardService.startInternal Starting service [Catalina]
07-Oct-2026 18:48:35.010 INFO [main] org.apache.catalina.core.StandardEngine.startInternal Starting Servlet engine: [Apache Tomcat/10.0.27]
07-Oct-2026 18:48:35.013 INFO [main] org.apache.catalina.startup.HostConfig.deployDirectory Deploying web application directory [/Users/harshvardhanyadav/Desktop/PATHWAY/Java/apache-tomcat-10.0.27/webapps/docs]
07-Oct-2026 18:48:35.205 INFO [main] org.apache.jasper.servlet.TldScanner.scanJars At least one JAR was scanned for TLDs yet contained no TLDs. Enable debug logging for this logger for a complete list of JARs that were scanned but no TLDs were found in them. Skipping unneeded JARs during scanning can improve startup time and JSP compilation time.
07-Oct-2026 18:48:35.226 INFO [main] org.apache.catalina.startup.HostConfig.deployDirectory Deployment of web application directory [/Users/harshvardhanyadav/Desktop/PATHWAY/Java/apache-tomcat-10.0.27/webapps/docs] has finished in [211] ms
07-Oct-2026 18:48:35.226 INFO [main] org.apache.catalina.startup.HostConfig.deployDirectory Deploying web application directory [/Users/harshvardhanyadav/Desktop/PATHWAY/Java/apache-tomcat-10.0.27/webapps/manager]
07-Oct-2026 18:48:35.283 INFO [main] org.apache.jasper.servlet.TldScanner.scanJars At least one JAR was scanned for TLDs yet contained no TLDs. Enable debug logging for this logger for a complete list of JARs that were scanned but no TLDs were found in them. Skipping unneeded JARs during scanning can improve startup time and JSP compilation time.
07-Oct-2026 18:48:35.286 INFO [main] org.apache.catalina.startup.HostConfig.deployDirectory Deployment of web application directory [/Users/harshvardhanyadav/Desktop/PATHWAY/Java/apache-tomcat-10.0.27/webapps/manager] has finished in [60] ms
07-Oct-2026 18:48:35.286 INFO [main] org.apache.catalina.startup.HostConfig.deployDirectory Deploying web application directory [/Users/harshvardhanyadav/Desktop/PATHWAY/Java/apache-tomcat-10.0.27/webapps/examples]
07-Oct-2026 18:48:35.897 INFO [main] org.apache.jasper.servlet.TldScanner.scanJars At least one JAR was scanned for TLDs yet contained no TLDs. Enable debug logging for this logger for a complete list of JARs that were scanned but no TLDs were found in them. Skipping unneeded JARs during scanning can improve startup time and JSP compilation time.
07-Oct-2026 18:48:35.905 INFO [main] org.apache.catalina.startup.HostConfig.deployDirectory Deployment of web application directory [/Users/harshvardhanyadav/Desktop/PATHWAY/Java/apache-tomcat-10.0.27/webapps/examples] has finished in [619] ms
07-Oct-2026 18:48:35.905 INFO [main] org.apache.catalina.startup.HostConfig.deployDirectory Deploying web application directory [/Users/harshvardhanyadav/Desktop/PATHWAY/Java/apache-tomcat-10.0.27/webapps/ROOT]
07-Oct-2026 18:48:35.944 INFO [main] org.apache.jasper.servlet.TldScanner.scanJars At least one JAR was scanned for TLDs yet contained no TLDs. Enable debug logging for this logger for a complete list of JARs that were scanned but no TLDs were found in them. Skipping unneeded JARs during scanning can improve startup time and JSP compilation time.
07-Oct-2026 18:48:35.944 INFO [main] org.apache.catalina.startup.HostConfig.deployDirectory Deployment of web application directory [/Users/harshvardhanyadav/Desktop/PATHWAY/Java/apache-tomcat-10.0.27/webapps/ROOT] has finished in [39] ms
07-Oct-2026 18:48:35.945 INFO [main] org.apache.catalina.startup.HostConfig.deployDirectory Deploying web application directory [/Users/harshvardhanyadav/Desktop/PATHWAY/Java/apache-tomcat-10.0.27/webapps/host-manager]
07-Oct-2026 18:48:35.983 INFO [main] org.apache.jasper.servlet.TldScanner.scanJars At least one JAR was scanned for TLDs yet contained no TLDs. Enable debug logging for this logger for a complete list of JARs that were scanned but no TLDs were found in them. Skipping unneeded JARs during scanning can improve startup time and JSP compilation time.
07-Oct-2026 18:48:35.984 INFO [main] org.apache.catalina.startup.HostConfig.deployDirectory Deployment of web application directory [/Users/harshvardhanyadav/Desktop/PATHWAY/Java/apache-tomcat-10.0.27/webapps/host-manager] has finished in [39] ms
07-Oct-2026 18:48:35.984 INFO [main] org.apache.catalina.startup.HostConfig.deployDirectory Deploying web application directory [/Users/harshvardhanyadav/Desktop/PATHWAY/Java/apache-tomcat-10.0.27/webapps/JSPPractice]
07-Oct-2026 18:48:36.026 INFO [main] org.apache.jasper.servlet.TldScanner.scanJars At least one JAR was scanned for TLDs yet contained no TLDs. Enable debug logging for this logger for a complete list of JARs that were scanned but no TLDs were found in them. Skipping unneeded JARs during scanning can improve startup time and JSP compilation time.
07-Oct-2026 18:48:36.029 INFO [main] org.apache.catalina.startup.HostConfig.deployDirectory Deployment of web application directory [/Users/harshvardhanyadav/Desktop/PATHWAY/Java/apache-tomcat-10.0.27/webapps/JSPPractice] has finished in [45] ms
07-Oct-2026 18:48:36.030 INFO [main] org.apache.coyote.AbstractProtocol.start Starting ProtocolHandler ["http-nio-8080"]
07-Oct-2026 18:48:36.037 INFO [main] org.apache.catalina.startup.Catalina.start Server startup in [1042] milliseconds
07-Oct-2026 18:49:30.206 INFO [Thread-1] org.apache.coyote.AbstractProtocol.pause Pausing ProtocolHandler ["http-nio-8080"]
07-Oct-2026 18:49:30.213 INFO [Thread-1] org.apache.catalina.core.StandardService.stopInternal Stopping service [Catalina]
07-Oct-2026 18:49:30.247 INFO [Thread-1] org.apache.coyote.AbstractProtocol.stop Stopping ProtocolHandler ["http-nio-8080"]
07-Oct-2026 18:49:30.265 INFO [Thread-1] org.apache.coyote.AbstractProtocol.destroy Destroying ProtocolHandler ["http-nio-8080"]
