27-Sep-2026 02:24:40.806 INFO [Thread-1] org.apache.coyote.AbstractProtocol.pause Pausing ProtocolHandler ["http-nio-8080"]
27-Sep-2026 02:24:40.835 INFO [Thread-1] org.apache.catalina.core.StandardService.stopInternal Stopping service [Catalina]
27-Sep-2026 02:24:40.945 INFO [Thread-1] org.apache.coyote.AbstractProtocol.stop Stopping ProtocolHandler ["http-nio-8080"]
27-Sep-2026 02:24:40.969 INFO [Thread-1] org.apache.coyote.AbstractProtocol.destroy Destroying ProtocolHandler ["http-nio-8080"]
27-Sep-2026 15:20:32.416 INFO [main] org.apache.catalina.startup.VersionLoggerListener.log Server version name:   Apache Tomcat/10.0.27
27-Sep-2026 15:20:32.419 INFO [main] org.apache.catalina.startup.VersionLoggerListener.log Server built:          Oct 3 2022 14:18:31 UTC
27-Sep-2026 15:20:32.419 INFO [main] org.apache.catalina.startup.VersionLoggerListener.log Server version number: 10.0.27.0
27-Sep-2026 15:20:32.420 INFO [main] org.apache.catalina.startup.VersionLoggerListener.log OS Name:               Mac OS X
27-Sep-2026 15:20:32.420 INFO [main] org.apache.catalina.startup.VersionLoggerListener.log OS Version:            27.0
27-Sep-2026 15:20:32.420 INFO [main] org.apache.catalina.startup.VersionLoggerListener.log Architecture:          aarch64
27-Sep-2026 15:20:32.420 INFO [main] org.apache.catalina.startup.VersionLoggerListener.log Java Home:             /Library/Java/JavaVirtualMachines/jdk-25.jdk/Contents/Home
27-Sep-2026 15:20:32.420 INFO [main] org.apache.catalina.startup.VersionLoggerListener.log JVM Version:           25.0.2+10-LTS-69
27-Sep-2026 15:20:32.421 INFO [main] org.apache.catalina.startup.VersionLoggerListener.log JVM Vendor:            Oracle Corporation
27-Sep-2026 15:20:32.421 INFO [main] org.apache.catalina.startup.VersionLoggerListener.log CATALINA_BASE:         /Users/harshvardhanyadav/Desktop/PATHWAY/Java/apache-tomcat-10.0.27
27-Sep-2026 15:20:32.421 INFO [main] org.apache.catalina.startup.VersionLoggerListener.log CATALINA_HOME:         /Users/harshvardhanyadav/Desktop/PATHWAY/Java/apache-tomcat-10.0.27
27-Sep-2026 15:20:32.491 INFO [main] org.apache.catalina.startup.VersionLoggerListener.log Command line argument: --add-opens=java.base/java.lang=ALL-UNNAMED
27-Sep-2026 15:20:32.491 INFO [main] org.apache.catalina.startup.VersionLoggerListener.log Command line argument: --add-opens=java.base/java.io=ALL-UNNAMED
27-Sep-2026 15:20:32.491 INFO [main] org.apache.catalina.startup.VersionLoggerListener.log Command line argument: --add-opens=java.base/java.util=ALL-UNNAMED
27-Sep-2026 15:20:32.491 INFO [main] org.apache.catalina.startup.VersionLoggerListener.log Command line argument: --add-opens=java.base/java.util.concurrent=ALL-UNNAMED
27-Sep-2026 15:20:32.491 INFO [main] org.apache.catalina.startup.VersionLoggerListener.log Command line argument: --add-opens=java.rmi/sun.rmi.transport=ALL-UNNAMED
27-Sep-2026 15:20:32.491 INFO [main] org.apache.catalina.startup.VersionLoggerListener.log Command line argument: -Djava.util.logging.config.file=/Users/harshvardhanyadav/Desktop/PATHWAY/Java/apache-tomcat-10.0.27/conf/logging.properties
27-Sep-2026 15:20:32.491 INFO [main] org.apache.catalina.startup.VersionLoggerListener.log Command line argument: -Djava.util.logging.manager=org.apache.juli.ClassLoaderLogManager
27-Sep-2026 15:20:32.491 INFO [main] org.apache.catalina.startup.VersionLoggerListener.log Command line argument: -Djdk.tls.ephemeralDHKeySize=2048
27-Sep-2026 15:20:32.491 INFO [main] org.apache.catalina.startup.VersionLoggerListener.log Command line argument: -Djava.protocol.handler.pkgs=org.apache.catalina.webresources
27-Sep-2026 15:20:32.491 INFO [main] org.apache.catalina.startup.VersionLoggerListener.log Command line argument: -Dorg.apache.catalina.security.SecurityListener.UMASK=0027
27-Sep-2026 15:20:32.491 INFO [main] org.apache.catalina.startup.VersionLoggerListener.log Command line argument: -Dignore.endorsed.dirs=
27-Sep-2026 15:20:32.491 INFO [main] org.apache.catalina.startup.VersionLoggerListener.log Command line argument: -Dcatalina.base=/Users/harshvardhanyadav/Desktop/PATHWAY/Java/apache-tomcat-10.0.27
27-Sep-2026 15:20:32.491 INFO [main] org.apache.catalina.startup.VersionLoggerListener.log Command line argument: -Dcatalina.home=/Users/harshvardhanyadav/Desktop/PATHWAY/Java/apache-tomcat-10.0.27
27-Sep-2026 15:20:32.491 INFO [main] org.apache.catalina.startup.VersionLoggerListener.log Command line argument: -Djava.io.tmpdir=/Users/harshvardhanyadav/Desktop/PATHWAY/Java/apache-tomcat-10.0.27/temp
27-Sep-2026 15:20:32.502 INFO [main] org.apache.catalina.core.AprLifecycleListener.lifecycleEvent The Apache Tomcat Native library which allows using OpenSSL was not found on the java.library.path: [/Users/harshvardhanyadav/Library/Java/Extensions:/Library/Java/Extensions:/Network/Library/Java/Extensions:/System/Library/Java/Extensions:/usr/lib/java:.]
27-Sep-2026 15:20:32.693 INFO [main] org.apache.coyote.AbstractProtocol.init Initializing ProtocolHandler ["http-nio-8080"]
27-Sep-2026 15:20:32.756 INFO [main] org.apache.catalina.startup.Catalina.load Server initialization in [497] milliseconds
27-Sep-2026 15:20:32.794 INFO [main] org.apache.catalina.core.StandardService.startInternal Starting service [Catalina]
27-Sep-2026 15:20:32.794 INFO [main] org.apache.catalina.core.StandardEngine.startInternal Starting Servlet engine: [Apache Tomcat/10.0.27]
27-Sep-2026 15:20:32.798 INFO [main] org.apache.catalina.startup.HostConfig.deployDirectory Deploying web application directory [/Users/harshvardhanyadav/Desktop/PATHWAY/Java/apache-tomcat-10.0.27/webapps/docs]
27-Sep-2026 15:20:33.030 INFO [main] org.apache.jasper.servlet.TldScanner.scanJars At least one JAR was scanned for TLDs yet contained no TLDs. Enable debug logging for this logger for a complete list of JARs that were scanned but no TLDs were found in them. Skipping unneeded JARs during scanning can improve startup time and JSP compilation time.
27-Sep-2026 15:20:33.050 INFO [main] org.apache.catalina.startup.HostConfig.deployDirectory Deployment of web application directory [/Users/harshvardhanyadav/Desktop/PATHWAY/Java/apache-tomcat-10.0.27/webapps/docs] has finished in [250] ms
27-Sep-2026 15:20:33.050 INFO [main] org.apache.catalina.startup.HostConfig.deployDirectory Deploying web application directory [/Users/harshvardhanyadav/Desktop/PATHWAY/Java/apache-tomcat-10.0.27/webapps/manager]
27-Sep-2026 15:20:33.136 INFO [main] org.apache.jasper.servlet.TldScanner.scanJars At least one JAR was scanned for TLDs yet contained no TLDs. Enable debug logging for this logger for a complete list of JARs that were scanned but no TLDs were found in them. Skipping unneeded JARs during scanning can improve startup time and JSP compilation time.
27-Sep-2026 15:20:33.140 INFO [main] org.apache.catalina.startup.HostConfig.deployDirectory Deployment of web application directory [/Users/harshvardhanyadav/Desktop/PATHWAY/Java/apache-tomcat-10.0.27/webapps/manager] has finished in [90] ms
27-Sep-2026 15:20:33.140 INFO [main] org.apache.catalina.startup.HostConfig.deployDirectory Deploying web application directory [/Users/harshvardhanyadav/Desktop/PATHWAY/Java/apache-tomcat-10.0.27/webapps/examples]
27-Sep-2026 15:20:33.778 INFO [main] org.apache.jasper.servlet.TldScanner.scanJars At least one JAR was scanned for TLDs yet contained no TLDs. Enable debug logging for this logger for a complete list of JARs that were scanned but no TLDs were found in them. Skipping unneeded JARs during scanning can improve startup time and JSP compilation time.
27-Sep-2026 15:20:33.786 INFO [main] org.apache.catalina.startup.HostConfig.deployDirectory Deployment of web application directory [/Users/harshvardhanyadav/Desktop/PATHWAY/Java/apache-tomcat-10.0.27/webapps/examples] has finished in [646] ms
27-Sep-2026 15:20:33.786 INFO [main] org.apache.catalina.startup.HostConfig.deployDirectory Deploying web application directory [/Users/harshvardhanyadav/Desktop/PATHWAY/Java/apache-tomcat-10.0.27/webapps/ROOT]
27-Sep-2026 15:20:33.831 INFO [main] org.apache.jasper.servlet.TldScanner.scanJars At least one JAR was scanned for TLDs yet contained no TLDs. Enable debug logging for this logger for a complete list of JARs that were scanned but no TLDs were found in them. Skipping unneeded JARs during scanning can improve startup time and JSP compilation time.
27-Sep-2026 15:20:33.831 INFO [main] org.apache.catalina.startup.HostConfig.deployDirectory Deployment of web application directory [/Users/harshvardhanyadav/Desktop/PATHWAY/Java/apache-tomcat-10.0.27/webapps/ROOT] has finished in [45] ms
27-Sep-2026 15:20:33.831 INFO [main] org.apache.catalina.startup.HostConfig.deployDirectory Deploying web application directory [/Users/harshvardhanyadav/Desktop/PATHWAY/Java/apache-tomcat-10.0.27/webapps/host-manager]
27-Sep-2026 15:20:33.879 INFO [main] org.apache.jasper.servlet.TldScanner.scanJars At least one JAR was scanned for TLDs yet contained no TLDs. Enable debug logging for this logger for a complete list of JARs that were scanned but no TLDs were found in them. Skipping unneeded JARs during scanning can improve startup time and JSP compilation time.
27-Sep-2026 15:20:33.880 INFO [main] org.apache.catalina.startup.HostConfig.deployDirectory Deployment of web application directory [/Users/harshvardhanyadav/Desktop/PATHWAY/Java/apache-tomcat-10.0.27/webapps/host-manager] has finished in [48] ms
27-Sep-2026 15:20:33.880 INFO [main] org.apache.catalina.startup.HostConfig.deployDirectory Deploying web application directory [/Users/harshvardhanyadav/Desktop/PATHWAY/Java/apache-tomcat-10.0.27/webapps/JSPPractice]
27-Sep-2026 15:20:33.915 INFO [main] org.apache.jasper.servlet.TldScanner.scanJars At least one JAR was scanned for TLDs yet contained no TLDs. Enable debug logging for this logger for a complete list of JARs that were scanned but no TLDs were found in them. Skipping unneeded JARs during scanning can improve startup time and JSP compilation time.
27-Sep-2026 15:20:33.919 INFO [main] org.apache.catalina.startup.HostConfig.deployDirectory Deployment of web application directory [/Users/harshvardhanyadav/Desktop/PATHWAY/Java/apache-tomcat-10.0.27/webapps/JSPPractice] has finished in [39] ms
27-Sep-2026 15:20:33.920 INFO [main] org.apache.coyote.AbstractProtocol.start Starting ProtocolHandler ["http-nio-8080"]
27-Sep-2026 15:20:33.926 INFO [main] org.apache.catalina.startup.Catalina.start Server startup in [1169] milliseconds
27-Sep-2026 17:57:14.105 INFO [Thread-1] org.apache.coyote.AbstractProtocol.pause Pausing ProtocolHandler ["http-nio-8080"]
27-Sep-2026 17:57:14.129 INFO [Thread-1] org.apache.catalina.core.StandardService.stopInternal Stopping service [Catalina]
27-Sep-2026 17:57:14.174 INFO [Thread-1] org.apache.coyote.AbstractProtocol.stop Stopping ProtocolHandler ["http-nio-8080"]
27-Sep-2026 17:57:14.184 INFO [Thread-1] org.apache.coyote.AbstractProtocol.destroy Destroying ProtocolHandler ["http-nio-8080"]
