24-Sep-2026 16:42:05.412 SEVERE [http-nio-8080-exec-8] org.apache.catalina.core.StandardWrapperValve.invoke Servlet.service() for servlet [jsp] in context with path [/JSPPractice] threw exception [Unable to compile class for JSP: 

An error occurred at line: [16] in the jsp file: [/Login.jsp]
Syntax error, insert ";" to complete LocalVariableDeclarationStatement
13: 
14:     <%
15: 
16:         int umobile = Integer.parseInt (request.getParameter("Student_Mobile"))  
17:         out.print(umobile); 
18:     
19:     


Stacktrace:] with root cause
	org.apache.jasper.JasperException: Unable to compile class for JSP: 

An error occurred at line: [16] in the jsp file: [/Login.jsp]
Syntax error, insert ";" to complete LocalVariableDeclarationStatement
13: 
14:     <%
15: 
16:         int umobile = Integer.parseInt (request.getParameter("Student_Mobile"))  
17:         out.print(umobile); 
18:     
19:     


Stacktrace:
		at org.apache.jasper.compiler.DefaultErrorHandler.javacError(DefaultErrorHandler.java:102)
		at org.apache.jasper.compiler.ErrorDispatcher.javacError(ErrorDispatcher.java:213)
		at org.apache.jasper.compiler.JDTCompiler.generateClass(JDTCompiler.java:520)
		at org.apache.jasper.compiler.Compiler.compile(Compiler.java:397)
		at org.apache.jasper.compiler.Compiler.compile(Compiler.java:367)
		at org.apache.jasper.compiler.Compiler.compile(Compiler.java:351)
		at org.apache.jasper.JspCompilationContext.compile(JspCompilationContext.java:603)
		at org.apache.jasper.servlet.JspServletWrapper.service(JspServletWrapper.java:399)
		at org.apache.jasper.servlet.JspServlet.serviceJspFile(JspServlet.java:380)
		at org.apache.jasper.servlet.JspServlet.service(JspServlet.java:328)
		at jakarta.servlet.http.HttpServlet.service(HttpServlet.java:792)
		at org.apache.catalina.core.ApplicationFilterChain.internalDoFilter(ApplicationFilterChain.java:223)
		at org.apache.catalina.core.ApplicationFilterChain.doFilter(ApplicationFilterChain.java:158)
		at org.apache.tomcat.websocket.server.WsFilter.doFilter(WsFilter.java:53)
		at org.apache.catalina.core.ApplicationFilterChain.internalDoFilter(ApplicationFilterChain.java:185)
		at org.apache.catalina.core.ApplicationFilterChain.doFilter(ApplicationFilterChain.java:158)
		at org.apache.catalina.core.StandardWrapperValve.invoke(StandardWrapperValve.java:197)
		at org.apache.catalina.core.StandardContextValve.invoke(StandardContextValve.java:97)
		at org.apache.catalina.authenticator.AuthenticatorBase.invoke(AuthenticatorBase.java:542)
		at org.apache.catalina.core.StandardHostValve.invoke(StandardHostValve.java:119)
		at org.apache.catalina.valves.ErrorReportValve.invoke(ErrorReportValve.java:92)
		at org.apache.catalina.valves.AbstractAccessLogValve.invoke(AbstractAccessLogValve.java:690)
		at org.apache.catalina.core.StandardEngineValve.invoke(StandardEngineValve.java:78)
		at org.apache.catalina.connector.CoyoteAdapter.service(CoyoteAdapter.java:356)
		at org.apache.coyote.http11.Http11Processor.service(Http11Processor.java:399)
		at org.apache.coyote.AbstractProcessorLight.process(AbstractProcessorLight.java:65)
		at org.apache.coyote.AbstractProtocol$ConnectionHandler.process(AbstractProtocol.java:870)
		at org.apache.tomcat.util.net.NioEndpoint$SocketProcessor.doRun(NioEndpoint.java:1762)
		at org.apache.tomcat.util.net.SocketProcessorBase.run(SocketProcessorBase.java:49)
		at org.apache.tomcat.util.threads.ThreadPoolExecutor.runWorker(ThreadPoolExecutor.java:1191)
		at org.apache.tomcat.util.threads.ThreadPoolExecutor$Worker.run(ThreadPoolExecutor.java:659)
		at org.apache.tomcat.util.threads.TaskThread$WrappingRunnable.run(TaskThread.java:61)
		at java.base/java.lang.Thread.run(Thread.java:1474)
24-Sep-2026 16:50:48.469 SEVERE [http-nio-8080-exec-1] org.apache.catalina.core.StandardWrapperValve.invoke Servlet.service() for servlet [jsp] in context with path [/JSPPractice] threw exception [Unable to compile class for JSP: 

An error occurred at line: [16] in the jsp file: [/Login.jsp]
Syntax error, insert ";" to complete LocalVariableDeclarationStatement
13: 
14:     <%
15: 
16:         int umobile = Integer.parseInt (request.getParameter("umobile"))  
17:         out.println(umobile); 
18:     
19:     %>


Stacktrace:] with root cause
	org.apache.jasper.JasperException: Unable to compile class for JSP: 

An error occurred at line: [16] in the jsp file: [/Login.jsp]
Syntax error, insert ";" to complete LocalVariableDeclarationStatement
13: 
14:     <%
15: 
16:         int umobile = Integer.parseInt (request.getParameter("umobile"))  
17:         out.println(umobile); 
18:     
19:     %>


Stacktrace:
		at org.apache.jasper.compiler.DefaultErrorHandler.javacError(DefaultErrorHandler.java:102)
		at org.apache.jasper.compiler.ErrorDispatcher.javacError(ErrorDispatcher.java:213)
		at org.apache.jasper.compiler.JDTCompiler.generateClass(JDTCompiler.java:520)
		at org.apache.jasper.compiler.Compiler.compile(Compiler.java:397)
		at org.apache.jasper.compiler.Compiler.compile(Compiler.java:367)
		at org.apache.jasper.compiler.Compiler.compile(Compiler.java:351)
		at org.apache.jasper.JspCompilationContext.compile(JspCompilationContext.java:603)
		at org.apache.jasper.servlet.JspServletWrapper.service(JspServletWrapper.java:399)
		at org.apache.jasper.servlet.JspServlet.serviceJspFile(JspServlet.java:380)
		at org.apache.jasper.servlet.JspServlet.service(JspServlet.java:328)
		at jakarta.servlet.http.HttpServlet.service(HttpServlet.java:792)
		at org.apache.catalina.core.ApplicationFilterChain.internalDoFilter(ApplicationFilterChain.java:223)
		at org.apache.catalina.core.ApplicationFilterChain.doFilter(ApplicationFilterChain.java:158)
		at org.apache.tomcat.websocket.server.WsFilter.doFilter(WsFilter.java:53)
		at org.apache.catalina.core.ApplicationFilterChain.internalDoFilter(ApplicationFilterChain.java:185)
		at org.apache.catalina.core.ApplicationFilterChain.doFilter(ApplicationFilterChain.java:158)
		at org.apache.catalina.core.StandardWrapperValve.invoke(StandardWrapperValve.java:197)
		at org.apache.catalina.core.StandardContextValve.invoke(StandardContextValve.java:97)
		at org.apache.catalina.authenticator.AuthenticatorBase.invoke(AuthenticatorBase.java:542)
		at org.apache.catalina.core.StandardHostValve.invoke(StandardHostValve.java:119)
		at org.apache.catalina.valves.ErrorReportValve.invoke(ErrorReportValve.java:92)
		at org.apache.catalina.valves.AbstractAccessLogValve.invoke(AbstractAccessLogValve.java:690)
		at org.apache.catalina.core.StandardEngineValve.invoke(StandardEngineValve.java:78)
		at org.apache.catalina.connector.CoyoteAdapter.service(CoyoteAdapter.java:356)
		at org.apache.coyote.http11.Http11Processor.service(Http11Processor.java:399)
		at org.apache.coyote.AbstractProcessorLight.process(AbstractProcessorLight.java:65)
		at org.apache.coyote.AbstractProtocol$ConnectionHandler.process(AbstractProtocol.java:870)
		at org.apache.tomcat.util.net.NioEndpoint$SocketProcessor.doRun(NioEndpoint.java:1762)
		at org.apache.tomcat.util.net.SocketProcessorBase.run(SocketProcessorBase.java:49)
		at org.apache.tomcat.util.threads.ThreadPoolExecutor.runWorker(ThreadPoolExecutor.java:1191)
		at org.apache.tomcat.util.threads.ThreadPoolExecutor$Worker.run(ThreadPoolExecutor.java:659)
		at org.apache.tomcat.util.threads.TaskThread$WrappingRunnable.run(TaskThread.java:61)
		at java.base/java.lang.Thread.run(Thread.java:1474)
24-Sep-2026 19:25:12.534 SEVERE [http-nio-8080-exec-2] org.apache.catalina.core.StandardWrapperValve.invoke Servlet.service() for servlet [jsp] in context with path [/JSPPractice] threw exception [Unable to compile class for JSP: 

An error occurred at line: [24] in the jsp file: [/Login.jsp]
ResultSet cannot be resolved to a variable
21:         try{
22:             Connection con = null;
23:             Statement stmt = null;
24:             ResultSet = null;
25: 
26:             Class.forName("org.postgresql.Driver");
27:             con = DriverManager.getConnection ("jdbc:postgresql://localhost:5432/demoDB");


An error occurred at line: [31] in the jsp file: [/Login.jsp]
rs cannot be resolved to a variable
28:             out.println("Connection Successful:");
29: 
30:             stmt = con.createStatement();
31:             rs = stmt.executeQuery("select id, name from staff where mob = " + umobile);
32: 
33:             while (rs.next){
34:                 out.print(rs.getstring (0));


An error occurred at line: [33] in the jsp file: [/Login.jsp]
rs.next cannot be resolved to a type
30:             stmt = con.createStatement();
31:             rs = stmt.executeQuery("select id, name from staff where mob = " + umobile);
32: 
33:             while (rs.next){
34:                 out.print(rs.getstring (0));
35:                 out.print(rs.getstring (1));
36:             }


An error occurred at line: [34] in the jsp file: [/Login.jsp]
rs cannot be resolved
31:             rs = stmt.executeQuery("select id, name from staff where mob = " + umobile);
32: 
33:             while (rs.next){
34:                 out.print(rs.getstring (0));
35:                 out.print(rs.getstring (1));
36:             }
37: 


An error occurred at line: [35] in the jsp file: [/Login.jsp]
rs cannot be resolved
32: 
33:             while (rs.next){
34:                 out.print(rs.getstring (0));
35:                 out.print(rs.getstring (1));
36:             }
37: 
38: 


Stacktrace:] with root cause
	org.apache.jasper.JasperException: Unable to compile class for JSP: 

An error occurred at line: [24] in the jsp file: [/Login.jsp]
ResultSet cannot be resolved to a variable
21:         try{
22:             Connection con = null;
23:             Statement stmt = null;
24:             ResultSet = null;
25: 
26:             Class.forName("org.postgresql.Driver");
27:             con = DriverManager.getConnection ("jdbc:postgresql://localhost:5432/demoDB");


An error occurred at line: [31] in the jsp file: [/Login.jsp]
rs cannot be resolved to a variable
28:             out.println("Connection Successful:");
29: 
30:             stmt = con.createStatement();
31:             rs = stmt.executeQuery("select id, name from staff where mob = " + umobile);
32: 
33:             while (rs.next){
34:                 out.print(rs.getstring (0));


An error occurred at line: [33] in the jsp file: [/Login.jsp]
rs.next cannot be resolved to a type
30:             stmt = con.createStatement();
31:             rs = stmt.executeQuery("select id, name from staff where mob = " + umobile);
32: 
33:             while (rs.next){
34:                 out.print(rs.getstring (0));
35:                 out.print(rs.getstring (1));
36:             }


An error occurred at line: [34] in the jsp file: [/Login.jsp]
rs cannot be resolved
31:             rs = stmt.executeQuery("select id, name from staff where mob = " + umobile);
32: 
33:             while (rs.next){
34:                 out.print(rs.getstring (0));
35:                 out.print(rs.getstring (1));
36:             }
37: 


An error occurred at line: [35] in the jsp file: [/Login.jsp]
rs cannot be resolved
32: 
33:             while (rs.next){
34:                 out.print(rs.getstring (0));
35:                 out.print(rs.getstring (1));
36:             }
37: 
38: 


Stacktrace:
		at org.apache.jasper.compiler.DefaultErrorHandler.javacError(DefaultErrorHandler.java:102)
		at org.apache.jasper.compiler.ErrorDispatcher.javacError(ErrorDispatcher.java:213)
		at org.apache.jasper.compiler.JDTCompiler.generateClass(JDTCompiler.java:520)
		at org.apache.jasper.compiler.Compiler.compile(Compiler.java:397)
		at org.apache.jasper.compiler.Compiler.compile(Compiler.java:367)
		at org.apache.jasper.compiler.Compiler.compile(Compiler.java:351)
		at org.apache.jasper.JspCompilationContext.compile(JspCompilationContext.java:603)
		at org.apache.jasper.servlet.JspServletWrapper.service(JspServletWrapper.java:399)
		at org.apache.jasper.servlet.JspServlet.serviceJspFile(JspServlet.java:380)
		at org.apache.jasper.servlet.JspServlet.service(JspServlet.java:328)
		at jakarta.servlet.http.HttpServlet.service(HttpServlet.java:792)
		at org.apache.catalina.core.ApplicationFilterChain.internalDoFilter(ApplicationFilterChain.java:223)
		at org.apache.catalina.core.ApplicationFilterChain.doFilter(ApplicationFilterChain.java:158)
		at org.apache.tomcat.websocket.server.WsFilter.doFilter(WsFilter.java:53)
		at org.apache.catalina.core.ApplicationFilterChain.internalDoFilter(ApplicationFilterChain.java:185)
		at org.apache.catalina.core.ApplicationFilterChain.doFilter(ApplicationFilterChain.java:158)
		at org.apache.catalina.core.StandardWrapperValve.invoke(StandardWrapperValve.java:197)
		at org.apache.catalina.core.StandardContextValve.invoke(StandardContextValve.java:97)
		at org.apache.catalina.authenticator.AuthenticatorBase.invoke(AuthenticatorBase.java:542)
		at org.apache.catalina.core.StandardHostValve.invoke(StandardHostValve.java:119)
		at org.apache.catalina.valves.ErrorReportValve.invoke(ErrorReportValve.java:92)
		at org.apache.catalina.valves.AbstractAccessLogValve.invoke(AbstractAccessLogValve.java:690)
		at org.apache.catalina.core.StandardEngineValve.invoke(StandardEngineValve.java:78)
		at org.apache.catalina.connector.CoyoteAdapter.service(CoyoteAdapter.java:356)
		at org.apache.coyote.http11.Http11Processor.service(Http11Processor.java:399)
		at org.apache.coyote.AbstractProcessorLight.process(AbstractProcessorLight.java:65)
		at org.apache.coyote.AbstractProtocol$ConnectionHandler.process(AbstractProtocol.java:870)
		at org.apache.tomcat.util.net.NioEndpoint$SocketProcessor.doRun(NioEndpoint.java:1762)
		at org.apache.tomcat.util.net.SocketProcessorBase.run(SocketProcessorBase.java:49)
		at org.apache.tomcat.util.threads.ThreadPoolExecutor.runWorker(ThreadPoolExecutor.java:1191)
		at org.apache.tomcat.util.threads.ThreadPoolExecutor$Worker.run(ThreadPoolExecutor.java:659)
		at org.apache.tomcat.util.threads.TaskThread$WrappingRunnable.run(TaskThread.java:61)
		at java.base/java.lang.Thread.run(Thread.java:1474)
24-Sep-2026 19:27:35.104 SEVERE [http-nio-8080-exec-3] org.apache.catalina.core.StandardWrapperValve.invoke Servlet.service() for servlet [jsp] in context with path [/JSPPractice] threw exception [Unable to compile class for JSP: 

An error occurred at line: [24] in the jsp file: [/Login.jsp]
ResultSet cannot be resolved to a variable
21:         try{
22:             Connection con = null;
23:             Statement stmt = null;
24:             ResultSet = null;
25: 
26:             Class.forName("org.postgresql.Driver");
27:             con = DriverManager.getConnection ("jdbc:postgresql://localhost:5432/demoDB");


An error occurred at line: [31] in the jsp file: [/Login.jsp]
rs cannot be resolved to a variable
28:             out.println("Connection Successful:");
29: 
30:             stmt = con.createStatement();
31:             rs = stmt.executeQuery("select id, name from staff where mob = " + umobile);
32: 
33:             while (rs.next){
34:                 out.print(rs.getstring (0));


An error occurred at line: [33] in the jsp file: [/Login.jsp]
rs.next cannot be resolved to a type
30:             stmt = con.createStatement();
31:             rs = stmt.executeQuery("select id, name from staff where mob = " + umobile);
32: 
33:             while (rs.next){
34:                 out.print(rs.getstring (0));
35:                 out.print(rs.getstring (1));
36:             }


An error occurred at line: [34] in the jsp file: [/Login.jsp]
rs cannot be resolved
31:             rs = stmt.executeQuery("select id, name from staff where mob = " + umobile);
32: 
33:             while (rs.next){
34:                 out.print(rs.getstring (0));
35:                 out.print(rs.getstring (1));
36:             }
37: 


An error occurred at line: [35] in the jsp file: [/Login.jsp]
rs cannot be resolved
32: 
33:             while (rs.next){
34:                 out.print(rs.getstring (0));
35:                 out.print(rs.getstring (1));
36:             }
37: 
38:         }catch (Exception e){


Stacktrace:] with root cause
	org.apache.jasper.JasperException: Unable to compile class for JSP: 

An error occurred at line: [24] in the jsp file: [/Login.jsp]
ResultSet cannot be resolved to a variable
21:         try{
22:             Connection con = null;
23:             Statement stmt = null;
24:             ResultSet = null;
25: 
26:             Class.forName("org.postgresql.Driver");
27:             con = DriverManager.getConnection ("jdbc:postgresql://localhost:5432/demoDB");


An error occurred at line: [31] in the jsp file: [/Login.jsp]
rs cannot be resolved to a variable
28:             out.println("Connection Successful:");
29: 
30:             stmt = con.createStatement();
31:             rs = stmt.executeQuery("select id, name from staff where mob = " + umobile);
32: 
33:             while (rs.next){
34:                 out.print(rs.getstring (0));


An error occurred at line: [33] in the jsp file: [/Login.jsp]
rs.next cannot be resolved to a type
30:             stmt = con.createStatement();
31:             rs = stmt.executeQuery("select id, name from staff where mob = " + umobile);
32: 
33:             while (rs.next){
34:                 out.print(rs.getstring (0));
35:                 out.print(rs.getstring (1));
36:             }


An error occurred at line: [34] in the jsp file: [/Login.jsp]
rs cannot be resolved
31:             rs = stmt.executeQuery("select id, name from staff where mob = " + umobile);
32: 
33:             while (rs.next){
34:                 out.print(rs.getstring (0));
35:                 out.print(rs.getstring (1));
36:             }
37: 


An error occurred at line: [35] in the jsp file: [/Login.jsp]
rs cannot be resolved
32: 
33:             while (rs.next){
34:                 out.print(rs.getstring (0));
35:                 out.print(rs.getstring (1));
36:             }
37: 
38:         }catch (Exception e){


Stacktrace:
		at org.apache.jasper.compiler.DefaultErrorHandler.javacError(DefaultErrorHandler.java:102)
		at org.apache.jasper.compiler.ErrorDispatcher.javacError(ErrorDispatcher.java:213)
		at org.apache.jasper.compiler.JDTCompiler.generateClass(JDTCompiler.java:520)
		at org.apache.jasper.compiler.Compiler.compile(Compiler.java:397)
		at org.apache.jasper.compiler.Compiler.compile(Compiler.java:367)
		at org.apache.jasper.compiler.Compiler.compile(Compiler.java:351)
		at org.apache.jasper.JspCompilationContext.compile(JspCompilationContext.java:603)
		at org.apache.jasper.servlet.JspServletWrapper.service(JspServletWrapper.java:399)
		at org.apache.jasper.servlet.JspServlet.serviceJspFile(JspServlet.java:380)
		at org.apache.jasper.servlet.JspServlet.service(JspServlet.java:328)
		at jakarta.servlet.http.HttpServlet.service(HttpServlet.java:792)
		at org.apache.catalina.core.ApplicationFilterChain.internalDoFilter(ApplicationFilterChain.java:223)
		at org.apache.catalina.core.ApplicationFilterChain.doFilter(ApplicationFilterChain.java:158)
		at org.apache.tomcat.websocket.server.WsFilter.doFilter(WsFilter.java:53)
		at org.apache.catalina.core.ApplicationFilterChain.internalDoFilter(ApplicationFilterChain.java:185)
		at org.apache.catalina.core.ApplicationFilterChain.doFilter(ApplicationFilterChain.java:158)
		at org.apache.catalina.core.StandardWrapperValve.invoke(StandardWrapperValve.java:197)
		at org.apache.catalina.core.StandardContextValve.invoke(StandardContextValve.java:97)
		at org.apache.catalina.authenticator.AuthenticatorBase.invoke(AuthenticatorBase.java:542)
		at org.apache.catalina.core.StandardHostValve.invoke(StandardHostValve.java:119)
		at org.apache.catalina.valves.ErrorReportValve.invoke(ErrorReportValve.java:92)
		at org.apache.catalina.valves.AbstractAccessLogValve.invoke(AbstractAccessLogValve.java:690)
		at org.apache.catalina.core.StandardEngineValve.invoke(StandardEngineValve.java:78)
		at org.apache.catalina.connector.CoyoteAdapter.service(CoyoteAdapter.java:356)
		at org.apache.coyote.http11.Http11Processor.service(Http11Processor.java:399)
		at org.apache.coyote.AbstractProcessorLight.process(AbstractProcessorLight.java:65)
		at org.apache.coyote.AbstractProtocol$ConnectionHandler.process(AbstractProtocol.java:870)
		at org.apache.tomcat.util.net.NioEndpoint$SocketProcessor.doRun(NioEndpoint.java:1762)
		at org.apache.tomcat.util.net.SocketProcessorBase.run(SocketProcessorBase.java:49)
		at org.apache.tomcat.util.threads.ThreadPoolExecutor.runWorker(ThreadPoolExecutor.java:1191)
		at org.apache.tomcat.util.threads.ThreadPoolExecutor$Worker.run(ThreadPoolExecutor.java:659)
		at org.apache.tomcat.util.threads.TaskThread$WrappingRunnable.run(TaskThread.java:61)
		at java.base/java.lang.Thread.run(Thread.java:1474)
24-Sep-2026 19:27:37.922 SEVERE [http-nio-8080-exec-4] org.apache.catalina.core.StandardWrapperValve.invoke Servlet.service() for servlet [jsp] in context with path [/JSPPractice] threw exception [An exception occurred processing [/Login.jsp] at line [15]

12:     <title>Student Registration</title>
13: </head>
14: <body>
15: 
16:     <%
17: 
18:         String umobile =  request.getParameter("umobile");


Stacktrace:] with root cause
	java.lang.NumberFormatException: For input string: "9822746511"
		at java.base/java.lang.NumberFormatException.forInputString(NumberFormatException.java:67)
		at java.base/java.lang.Integer.parseInt(Integer.java:565)
		at java.base/java.lang.Integer.parseInt(Integer.java:662)
		at org.apache.jsp.Login_jsp._jspService(Login_jsp.java:131)
		at org.apache.jasper.runtime.HttpJspBase.service(HttpJspBase.java:70)
		at jakarta.servlet.http.HttpServlet.service(HttpServlet.java:792)
		at org.apache.jasper.servlet.JspServletWrapper.service(JspServletWrapper.java:466)
		at org.apache.jasper.servlet.JspServlet.serviceJspFile(JspServlet.java:380)
		at org.apache.jasper.servlet.JspServlet.service(JspServlet.java:328)
		at jakarta.servlet.http.HttpServlet.service(HttpServlet.java:792)
		at org.apache.catalina.core.ApplicationFilterChain.internalDoFilter(ApplicationFilterChain.java:223)
		at org.apache.catalina.core.ApplicationFilterChain.doFilter(ApplicationFilterChain.java:158)
		at org.apache.tomcat.websocket.server.WsFilter.doFilter(WsFilter.java:53)
		at org.apache.catalina.core.ApplicationFilterChain.internalDoFilter(ApplicationFilterChain.java:185)
		at org.apache.catalina.core.ApplicationFilterChain.doFilter(ApplicationFilterChain.java:158)
		at org.apache.catalina.core.StandardWrapperValve.invoke(StandardWrapperValve.java:197)
		at org.apache.catalina.core.StandardContextValve.invoke(StandardContextValve.java:97)
		at org.apache.catalina.authenticator.AuthenticatorBase.invoke(AuthenticatorBase.java:542)
		at org.apache.catalina.core.StandardHostValve.invoke(StandardHostValve.java:119)
		at org.apache.catalina.valves.ErrorReportValve.invoke(ErrorReportValve.java:92)
		at org.apache.catalina.valves.AbstractAccessLogValve.invoke(AbstractAccessLogValve.java:690)
		at org.apache.catalina.core.StandardEngineValve.invoke(StandardEngineValve.java:78)
		at org.apache.catalina.connector.CoyoteAdapter.service(CoyoteAdapter.java:356)
		at org.apache.coyote.http11.Http11Processor.service(Http11Processor.java:399)
		at org.apache.coyote.AbstractProcessorLight.process(AbstractProcessorLight.java:65)
		at org.apache.coyote.AbstractProtocol$ConnectionHandler.process(AbstractProtocol.java:870)
		at org.apache.tomcat.util.net.NioEndpoint$SocketProcessor.doRun(NioEndpoint.java:1762)
		at org.apache.tomcat.util.net.SocketProcessorBase.run(SocketProcessorBase.java:49)
		at org.apache.tomcat.util.threads.ThreadPoolExecutor.runWorker(ThreadPoolExecutor.java:1191)
		at org.apache.tomcat.util.threads.ThreadPoolExecutor$Worker.run(ThreadPoolExecutor.java:659)
		at org.apache.tomcat.util.threads.TaskThread$WrappingRunnable.run(TaskThread.java:61)
		at java.base/java.lang.Thread.run(Thread.java:1474)
24-Sep-2026 19:27:54.198 SEVERE [http-nio-8080-exec-7] org.apache.catalina.core.StandardWrapperValve.invoke Servlet.service() for servlet [jsp] in context with path [/JSPPractice] threw exception [Unable to compile class for JSP: 

An error occurred at line: [24] in the jsp file: [/Login.jsp]
ResultSet cannot be resolved to a variable
21:         try{
22:             Connection con = null;
23:             Statement stmt = null;
24:             ResultSet = null;
25: 
26:             Class.forName("org.postgresql.Driver");
27:             con = DriverManager.getConnection ("jdbc:postgresql://localhost:5432/demoDB");


An error occurred at line: [31] in the jsp file: [/Login.jsp]
rs cannot be resolved to a variable
28:             out.println("Connection Successful:");
29: 
30:             stmt = con.createStatement();
31:             rs = stmt.executeQuery("select id, name from staff where mob = " + umobile);
32: 
33:             while (rs.next){
34:                 out.print(rs.getstring (0));


An error occurred at line: [33] in the jsp file: [/Login.jsp]
rs.next cannot be resolved to a type
30:             stmt = con.createStatement();
31:             rs = stmt.executeQuery("select id, name from staff where mob = " + umobile);
32: 
33:             while (rs.next){
34:                 out.print(rs.getstring (0));
35:                 out.print(rs.getstring (1));
36:             }


An error occurred at line: [34] in the jsp file: [/Login.jsp]
rs cannot be resolved
31:             rs = stmt.executeQuery("select id, name from staff where mob = " + umobile);
32: 
33:             while (rs.next){
34:                 out.print(rs.getstring (0));
35:                 out.print(rs.getstring (1));
36:             }
37: 


An error occurred at line: [35] in the jsp file: [/Login.jsp]
rs cannot be resolved
32: 
33:             while (rs.next){
34:                 out.print(rs.getstring (0));
35:                 out.print(rs.getstring (1));
36:             }
37: 
38:         }catch (Exception e){


Stacktrace:] with root cause
	org.apache.jasper.JasperException: Unable to compile class for JSP: 

An error occurred at line: [24] in the jsp file: [/Login.jsp]
ResultSet cannot be resolved to a variable
21:         try{
22:             Connection con = null;
23:             Statement stmt = null;
24:             ResultSet = null;
25: 
26:             Class.forName("org.postgresql.Driver");
27:             con = DriverManager.getConnection ("jdbc:postgresql://localhost:5432/demoDB");


An error occurred at line: [31] in the jsp file: [/Login.jsp]
rs cannot be resolved to a variable
28:             out.println("Connection Successful:");
29: 
30:             stmt = con.createStatement();
31:             rs = stmt.executeQuery("select id, name from staff where mob = " + umobile);
32: 
33:             while (rs.next){
34:                 out.print(rs.getstring (0));


An error occurred at line: [33] in the jsp file: [/Login.jsp]
rs.next cannot be resolved to a type
30:             stmt = con.createStatement();
31:             rs = stmt.executeQuery("select id, name from staff where mob = " + umobile);
32: 
33:             while (rs.next){
34:                 out.print(rs.getstring (0));
35:                 out.print(rs.getstring (1));
36:             }


An error occurred at line: [34] in the jsp file: [/Login.jsp]
rs cannot be resolved
31:             rs = stmt.executeQuery("select id, name from staff where mob = " + umobile);
32: 
33:             while (rs.next){
34:                 out.print(rs.getstring (0));
35:                 out.print(rs.getstring (1));
36:             }
37: 


An error occurred at line: [35] in the jsp file: [/Login.jsp]
rs cannot be resolved
32: 
33:             while (rs.next){
34:                 out.print(rs.getstring (0));
35:                 out.print(rs.getstring (1));
36:             }
37: 
38:         }catch (Exception e){


Stacktrace:
		at org.apache.jasper.compiler.DefaultErrorHandler.javacError(DefaultErrorHandler.java:102)
		at org.apache.jasper.compiler.ErrorDispatcher.javacError(ErrorDispatcher.java:213)
		at org.apache.jasper.compiler.JDTCompiler.generateClass(JDTCompiler.java:520)
		at org.apache.jasper.compiler.Compiler.compile(Compiler.java:397)
		at org.apache.jasper.compiler.Compiler.compile(Compiler.java:367)
		at org.apache.jasper.compiler.Compiler.compile(Compiler.java:351)
		at org.apache.jasper.JspCompilationContext.compile(JspCompilationContext.java:603)
		at org.apache.jasper.servlet.JspServletWrapper.service(JspServletWrapper.java:399)
		at org.apache.jasper.servlet.JspServlet.serviceJspFile(JspServlet.java:380)
		at org.apache.jasper.servlet.JspServlet.service(JspServlet.java:328)
		at jakarta.servlet.http.HttpServlet.service(HttpServlet.java:792)
		at org.apache.catalina.core.ApplicationFilterChain.internalDoFilter(ApplicationFilterChain.java:223)
		at org.apache.catalina.core.ApplicationFilterChain.doFilter(ApplicationFilterChain.java:158)
		at org.apache.tomcat.websocket.server.WsFilter.doFilter(WsFilter.java:53)
		at org.apache.catalina.core.ApplicationFilterChain.internalDoFilter(ApplicationFilterChain.java:185)
		at org.apache.catalina.core.ApplicationFilterChain.doFilter(ApplicationFilterChain.java:158)
		at org.apache.catalina.core.StandardWrapperValve.invoke(StandardWrapperValve.java:197)
		at org.apache.catalina.core.StandardContextValve.invoke(StandardContextValve.java:97)
		at org.apache.catalina.authenticator.AuthenticatorBase.invoke(AuthenticatorBase.java:542)
		at org.apache.catalina.core.StandardHostValve.invoke(StandardHostValve.java:119)
		at org.apache.catalina.valves.ErrorReportValve.invoke(ErrorReportValve.java:92)
		at org.apache.catalina.valves.AbstractAccessLogValve.invoke(AbstractAccessLogValve.java:690)
		at org.apache.catalina.core.StandardEngineValve.invoke(StandardEngineValve.java:78)
		at org.apache.catalina.connector.CoyoteAdapter.service(CoyoteAdapter.java:356)
		at org.apache.coyote.http11.Http11Processor.service(Http11Processor.java:399)
		at org.apache.coyote.AbstractProcessorLight.process(AbstractProcessorLight.java:65)
		at org.apache.coyote.AbstractProtocol$ConnectionHandler.process(AbstractProtocol.java:870)
		at org.apache.tomcat.util.net.NioEndpoint$SocketProcessor.doRun(NioEndpoint.java:1762)
		at org.apache.tomcat.util.net.SocketProcessorBase.run(SocketProcessorBase.java:49)
		at org.apache.tomcat.util.threads.ThreadPoolExecutor.runWorker(ThreadPoolExecutor.java:1191)
		at org.apache.tomcat.util.threads.ThreadPoolExecutor$Worker.run(ThreadPoolExecutor.java:659)
		at org.apache.tomcat.util.threads.TaskThread$WrappingRunnable.run(TaskThread.java:61)
		at java.base/java.lang.Thread.run(Thread.java:1474)
24-Sep-2026 19:28:56.256 SEVERE [http-nio-8080-exec-1] org.apache.catalina.core.StandardWrapperValve.invoke Servlet.service() for servlet [jsp] in context with path [/JSPPractice] threw exception [Unable to compile class for JSP: 

An error occurred at line: [24] in the jsp file: [/Login.jsp]
ResultSet cannot be resolved to a variable
21:         try{
22:             Connection con = null;
23:             Statement stmt = null;
24:             ResultSet = null;
25: 
26:             Class.forName("org.postgresql.Driver");
27:             con = DriverManager.getConnection ("jdbc:postgresql://localhost:5432/demoDB");


An error occurred at line: [31] in the jsp file: [/Login.jsp]
rs cannot be resolved to a variable
28:             out.println("Connection Successful:");
29: 
30:             stmt = con.createStatement();
31:             rs = stmt.executeQuery("select id, name from staff where mob = " + umobile);
32: 
33:             while (rs.next){
34:                 out.print(rs.getstring (1));


An error occurred at line: [33] in the jsp file: [/Login.jsp]
rs.next cannot be resolved to a type
30:             stmt = con.createStatement();
31:             rs = stmt.executeQuery("select id, name from staff where mob = " + umobile);
32: 
33:             while (rs.next){
34:                 out.print(rs.getstring (1));
35:             }
36: 


An error occurred at line: [34] in the jsp file: [/Login.jsp]
rs cannot be resolved
31:             rs = stmt.executeQuery("select id, name from staff where mob = " + umobile);
32: 
33:             while (rs.next){
34:                 out.print(rs.getstring (1));
35:             }
36: 
37:         }catch (Exception e){


Stacktrace:] with root cause
	org.apache.jasper.JasperException: Unable to compile class for JSP: 

An error occurred at line: [24] in the jsp file: [/Login.jsp]
ResultSet cannot be resolved to a variable
21:         try{
22:             Connection con = null;
23:             Statement stmt = null;
24:             ResultSet = null;
25: 
26:             Class.forName("org.postgresql.Driver");
27:             con = DriverManager.getConnection ("jdbc:postgresql://localhost:5432/demoDB");


An error occurred at line: [31] in the jsp file: [/Login.jsp]
rs cannot be resolved to a variable
28:             out.println("Connection Successful:");
29: 
30:             stmt = con.createStatement();
31:             rs = stmt.executeQuery("select id, name from staff where mob = " + umobile);
32: 
33:             while (rs.next){
34:                 out.print(rs.getstring (1));


An error occurred at line: [33] in the jsp file: [/Login.jsp]
rs.next cannot be resolved to a type
30:             stmt = con.createStatement();
31:             rs = stmt.executeQuery("select id, name from staff where mob = " + umobile);
32: 
33:             while (rs.next){
34:                 out.print(rs.getstring (1));
35:             }
36: 


An error occurred at line: [34] in the jsp file: [/Login.jsp]
rs cannot be resolved
31:             rs = stmt.executeQuery("select id, name from staff where mob = " + umobile);
32: 
33:             while (rs.next){
34:                 out.print(rs.getstring (1));
35:             }
36: 
37:         }catch (Exception e){


Stacktrace:
		at org.apache.jasper.compiler.DefaultErrorHandler.javacError(DefaultErrorHandler.java:102)
		at org.apache.jasper.compiler.ErrorDispatcher.javacError(ErrorDispatcher.java:213)
		at org.apache.jasper.compiler.JDTCompiler.generateClass(JDTCompiler.java:520)
		at org.apache.jasper.compiler.Compiler.compile(Compiler.java:397)
		at org.apache.jasper.compiler.Compiler.compile(Compiler.java:367)
		at org.apache.jasper.compiler.Compiler.compile(Compiler.java:351)
		at org.apache.jasper.JspCompilationContext.compile(JspCompilationContext.java:603)
		at org.apache.jasper.servlet.JspServletWrapper.service(JspServletWrapper.java:399)
		at org.apache.jasper.servlet.JspServlet.serviceJspFile(JspServlet.java:380)
		at org.apache.jasper.servlet.JspServlet.service(JspServlet.java:328)
		at jakarta.servlet.http.HttpServlet.service(HttpServlet.java:792)
		at org.apache.catalina.core.ApplicationFilterChain.internalDoFilter(ApplicationFilterChain.java:223)
		at org.apache.catalina.core.ApplicationFilterChain.doFilter(ApplicationFilterChain.java:158)
		at org.apache.tomcat.websocket.server.WsFilter.doFilter(WsFilter.java:53)
		at org.apache.catalina.core.ApplicationFilterChain.internalDoFilter(ApplicationFilterChain.java:185)
		at org.apache.catalina.core.ApplicationFilterChain.doFilter(ApplicationFilterChain.java:158)
		at org.apache.catalina.core.StandardWrapperValve.invoke(StandardWrapperValve.java:197)
		at org.apache.catalina.core.StandardContextValve.invoke(StandardContextValve.java:97)
		at org.apache.catalina.authenticator.AuthenticatorBase.invoke(AuthenticatorBase.java:542)
		at org.apache.catalina.core.StandardHostValve.invoke(StandardHostValve.java:119)
		at org.apache.catalina.valves.ErrorReportValve.invoke(ErrorReportValve.java:92)
		at org.apache.catalina.valves.AbstractAccessLogValve.invoke(AbstractAccessLogValve.java:690)
		at org.apache.catalina.core.StandardEngineValve.invoke(StandardEngineValve.java:78)
		at org.apache.catalina.connector.CoyoteAdapter.service(CoyoteAdapter.java:356)
		at org.apache.coyote.http11.Http11Processor.service(Http11Processor.java:399)
		at org.apache.coyote.AbstractProcessorLight.process(AbstractProcessorLight.java:65)
		at org.apache.coyote.AbstractProtocol$ConnectionHandler.process(AbstractProtocol.java:870)
		at org.apache.tomcat.util.net.NioEndpoint$SocketProcessor.doRun(NioEndpoint.java:1762)
		at org.apache.tomcat.util.net.SocketProcessorBase.run(SocketProcessorBase.java:49)
		at org.apache.tomcat.util.threads.ThreadPoolExecutor.runWorker(ThreadPoolExecutor.java:1191)
		at org.apache.tomcat.util.threads.ThreadPoolExecutor$Worker.run(ThreadPoolExecutor.java:659)
		at org.apache.tomcat.util.threads.TaskThread$WrappingRunnable.run(TaskThread.java:61)
		at java.base/java.lang.Thread.run(Thread.java:1474)
24-Sep-2026 19:34:43.925 SEVERE [http-nio-8080-exec-3] org.apache.catalina.core.StandardWrapperValve.invoke Servlet.service() for servlet [jsp] in context with path [/JSPPractice] threw exception [Unable to compile class for JSP: 

An error occurred at line: [33] in the jsp file: [/Login.jsp]
next cannot be resolved or is not a field
30:             stmt = con.createStatement();
31:             rs = stmt.executeQuery("SELECT id, name FROM staff WHERE mob = '" + umobile + "'");
32: 
33:             while (rs.next){
34:                 out.print(rs.getString (1));
35:             }
36: 


Stacktrace:] with root cause
	org.apache.jasper.JasperException: Unable to compile class for JSP: 

An error occurred at line: [33] in the jsp file: [/Login.jsp]
next cannot be resolved or is not a field
30:             stmt = con.createStatement();
31:             rs = stmt.executeQuery("SELECT id, name FROM staff WHERE mob = '" + umobile + "'");
32: 
33:             while (rs.next){
34:                 out.print(rs.getString (1));
35:             }
36: 


Stacktrace:
		at org.apache.jasper.compiler.DefaultErrorHandler.javacError(DefaultErrorHandler.java:102)
		at org.apache.jasper.compiler.ErrorDispatcher.javacError(ErrorDispatcher.java:213)
		at org.apache.jasper.compiler.JDTCompiler.generateClass(JDTCompiler.java:520)
		at org.apache.jasper.compiler.Compiler.compile(Compiler.java:397)
		at org.apache.jasper.compiler.Compiler.compile(Compiler.java:367)
		at org.apache.jasper.compiler.Compiler.compile(Compiler.java:351)
		at org.apache.jasper.JspCompilationContext.compile(JspCompilationContext.java:603)
		at org.apache.jasper.servlet.JspServletWrapper.service(JspServletWrapper.java:399)
		at org.apache.jasper.servlet.JspServlet.serviceJspFile(JspServlet.java:380)
		at org.apache.jasper.servlet.JspServlet.service(JspServlet.java:328)
		at jakarta.servlet.http.HttpServlet.service(HttpServlet.java:792)
		at org.apache.catalina.core.ApplicationFilterChain.internalDoFilter(ApplicationFilterChain.java:223)
		at org.apache.catalina.core.ApplicationFilterChain.doFilter(ApplicationFilterChain.java:158)
		at org.apache.tomcat.websocket.server.WsFilter.doFilter(WsFilter.java:53)
		at org.apache.catalina.core.ApplicationFilterChain.internalDoFilter(ApplicationFilterChain.java:185)
		at org.apache.catalina.core.ApplicationFilterChain.doFilter(ApplicationFilterChain.java:158)
		at org.apache.catalina.core.StandardWrapperValve.invoke(StandardWrapperValve.java:197)
		at org.apache.catalina.core.StandardContextValve.invoke(StandardContextValve.java:97)
		at org.apache.catalina.authenticator.AuthenticatorBase.invoke(AuthenticatorBase.java:542)
		at org.apache.catalina.core.StandardHostValve.invoke(StandardHostValve.java:119)
		at org.apache.catalina.valves.ErrorReportValve.invoke(ErrorReportValve.java:92)
		at org.apache.catalina.valves.AbstractAccessLogValve.invoke(AbstractAccessLogValve.java:690)
		at org.apache.catalina.core.StandardEngineValve.invoke(StandardEngineValve.java:78)
		at org.apache.catalina.connector.CoyoteAdapter.service(CoyoteAdapter.java:356)
		at org.apache.coyote.http11.Http11Processor.service(Http11Processor.java:399)
		at org.apache.coyote.AbstractProcessorLight.process(AbstractProcessorLight.java:65)
		at org.apache.coyote.AbstractProtocol$ConnectionHandler.process(AbstractProtocol.java:870)
		at org.apache.tomcat.util.net.NioEndpoint$SocketProcessor.doRun(NioEndpoint.java:1762)
		at org.apache.tomcat.util.net.SocketProcessorBase.run(SocketProcessorBase.java:49)
		at org.apache.tomcat.util.threads.ThreadPoolExecutor.runWorker(ThreadPoolExecutor.java:1191)
		at org.apache.tomcat.util.threads.ThreadPoolExecutor$Worker.run(ThreadPoolExecutor.java:659)
		at org.apache.tomcat.util.threads.TaskThread$WrappingRunnable.run(TaskThread.java:61)
		at java.base/java.lang.Thread.run(Thread.java:1474)
24-Sep-2026 19:34:57.522 SEVERE [http-nio-8080-exec-4] org.apache.catalina.core.StandardWrapperValve.invoke Servlet.service() for servlet [jsp] in context with path [/JSPPractice] threw exception [Unable to compile class for JSP: 

An error occurred at line: [34] in the jsp file: [/Login.jsp]
Invalid character constant
31:             rs = stmt.executeQuery("SELECT id, name FROM staff WHERE mob = '" + umobile + "'");
32: 
33:             while (rs.next){
34:                 out.print(rs.getString ('name'));
35:             }
36: 
37:         }catch (Exception e){


Stacktrace:] with root cause
	org.apache.jasper.JasperException: Unable to compile class for JSP: 

An error occurred at line: [34] in the jsp file: [/Login.jsp]
Invalid character constant
31:             rs = stmt.executeQuery("SELECT id, name FROM staff WHERE mob = '" + umobile + "'");
32: 
33:             while (rs.next){
34:                 out.print(rs.getString ('name'));
35:             }
36: 
37:         }catch (Exception e){


Stacktrace:
		at org.apache.jasper.compiler.DefaultErrorHandler.javacError(DefaultErrorHandler.java:102)
		at org.apache.jasper.compiler.ErrorDispatcher.javacError(ErrorDispatcher.java:213)
		at org.apache.jasper.compiler.JDTCompiler.generateClass(JDTCompiler.java:520)
		at org.apache.jasper.compiler.Compiler.compile(Compiler.java:397)
		at org.apache.jasper.compiler.Compiler.compile(Compiler.java:367)
		at org.apache.jasper.compiler.Compiler.compile(Compiler.java:351)
		at org.apache.jasper.JspCompilationContext.compile(JspCompilationContext.java:603)
		at org.apache.jasper.servlet.JspServletWrapper.service(JspServletWrapper.java:399)
		at org.apache.jasper.servlet.JspServlet.serviceJspFile(JspServlet.java:380)
		at org.apache.jasper.servlet.JspServlet.service(JspServlet.java:328)
		at jakarta.servlet.http.HttpServlet.service(HttpServlet.java:792)
		at org.apache.catalina.core.ApplicationFilterChain.internalDoFilter(ApplicationFilterChain.java:223)
		at org.apache.catalina.core.ApplicationFilterChain.doFilter(ApplicationFilterChain.java:158)
		at org.apache.tomcat.websocket.server.WsFilter.doFilter(WsFilter.java:53)
		at org.apache.catalina.core.ApplicationFilterChain.internalDoFilter(ApplicationFilterChain.java:185)
		at org.apache.catalina.core.ApplicationFilterChain.doFilter(ApplicationFilterChain.java:158)
		at org.apache.catalina.core.StandardWrapperValve.invoke(StandardWrapperValve.java:197)
		at org.apache.catalina.core.StandardContextValve.invoke(StandardContextValve.java:97)
		at org.apache.catalina.authenticator.AuthenticatorBase.invoke(AuthenticatorBase.java:542)
		at org.apache.catalina.core.StandardHostValve.invoke(StandardHostValve.java:119)
		at org.apache.catalina.valves.ErrorReportValve.invoke(ErrorReportValve.java:92)
		at org.apache.catalina.valves.AbstractAccessLogValve.invoke(AbstractAccessLogValve.java:690)
		at org.apache.catalina.core.StandardEngineValve.invoke(StandardEngineValve.java:78)
		at org.apache.catalina.connector.CoyoteAdapter.service(CoyoteAdapter.java:356)
		at org.apache.coyote.http11.Http11Processor.service(Http11Processor.java:399)
		at org.apache.coyote.AbstractProcessorLight.process(AbstractProcessorLight.java:65)
		at org.apache.coyote.AbstractProtocol$ConnectionHandler.process(AbstractProtocol.java:870)
		at org.apache.tomcat.util.net.NioEndpoint$SocketProcessor.doRun(NioEndpoint.java:1762)
		at org.apache.tomcat.util.net.SocketProcessorBase.run(SocketProcessorBase.java:49)
		at org.apache.tomcat.util.threads.ThreadPoolExecutor.runWorker(ThreadPoolExecutor.java:1191)
		at org.apache.tomcat.util.threads.ThreadPoolExecutor$Worker.run(ThreadPoolExecutor.java:659)
		at org.apache.tomcat.util.threads.TaskThread$WrappingRunnable.run(TaskThread.java:61)
		at java.base/java.lang.Thread.run(Thread.java:1474)
24-Sep-2026 19:35:08.461 SEVERE [http-nio-8080-exec-7] org.apache.catalina.core.StandardWrapperValve.invoke Servlet.service() for servlet [jsp] in context with path [/JSPPractice] threw exception [Unable to compile class for JSP: 

An error occurred at line: [34] in the jsp file: [/Login.jsp]
Invalid character constant
31:             rs = stmt.executeQuery("SELECT id, name FROM staff WHERE mob = '" + umobile + "'");
32: 
33:             while (rs.next){
34:                 out.print(rs.getString ('name'));
35:             }
36: 
37:         }catch (Exception e){


Stacktrace:] with root cause
	org.apache.jasper.JasperException: Unable to compile class for JSP: 

An error occurred at line: [34] in the jsp file: [/Login.jsp]
Invalid character constant
31:             rs = stmt.executeQuery("SELECT id, name FROM staff WHERE mob = '" + umobile + "'");
32: 
33:             while (rs.next){
34:                 out.print(rs.getString ('name'));
35:             }
36: 
37:         }catch (Exception e){


Stacktrace:
		at org.apache.jasper.compiler.DefaultErrorHandler.javacError(DefaultErrorHandler.java:102)
		at org.apache.jasper.compiler.ErrorDispatcher.javacError(ErrorDispatcher.java:213)
		at org.apache.jasper.compiler.JDTCompiler.generateClass(JDTCompiler.java:520)
		at org.apache.jasper.compiler.Compiler.compile(Compiler.java:397)
		at org.apache.jasper.compiler.Compiler.compile(Compiler.java:367)
		at org.apache.jasper.compiler.Compiler.compile(Compiler.java:351)
		at org.apache.jasper.JspCompilationContext.compile(JspCompilationContext.java:603)
		at org.apache.jasper.servlet.JspServletWrapper.service(JspServletWrapper.java:399)
		at org.apache.jasper.servlet.JspServlet.serviceJspFile(JspServlet.java:380)
		at org.apache.jasper.servlet.JspServlet.service(JspServlet.java:328)
		at jakarta.servlet.http.HttpServlet.service(HttpServlet.java:792)
		at org.apache.catalina.core.ApplicationFilterChain.internalDoFilter(ApplicationFilterChain.java:223)
		at org.apache.catalina.core.ApplicationFilterChain.doFilter(ApplicationFilterChain.java:158)
		at org.apache.tomcat.websocket.server.WsFilter.doFilter(WsFilter.java:53)
		at org.apache.catalina.core.ApplicationFilterChain.internalDoFilter(ApplicationFilterChain.java:185)
		at org.apache.catalina.core.ApplicationFilterChain.doFilter(ApplicationFilterChain.java:158)
		at org.apache.catalina.core.StandardWrapperValve.invoke(StandardWrapperValve.java:197)
		at org.apache.catalina.core.StandardContextValve.invoke(StandardContextValve.java:97)
		at org.apache.catalina.authenticator.AuthenticatorBase.invoke(AuthenticatorBase.java:542)
		at org.apache.catalina.core.StandardHostValve.invoke(StandardHostValve.java:119)
		at org.apache.catalina.valves.ErrorReportValve.invoke(ErrorReportValve.java:92)
		at org.apache.catalina.valves.AbstractAccessLogValve.invoke(AbstractAccessLogValve.java:690)
		at org.apache.catalina.core.StandardEngineValve.invoke(StandardEngineValve.java:78)
		at org.apache.catalina.connector.CoyoteAdapter.service(CoyoteAdapter.java:356)
		at org.apache.coyote.http11.Http11Processor.service(Http11Processor.java:399)
		at org.apache.coyote.AbstractProcessorLight.process(AbstractProcessorLight.java:65)
		at org.apache.coyote.AbstractProtocol$ConnectionHandler.process(AbstractProtocol.java:870)
		at org.apache.tomcat.util.net.NioEndpoint$SocketProcessor.doRun(NioEndpoint.java:1762)
		at org.apache.tomcat.util.net.SocketProcessorBase.run(SocketProcessorBase.java:49)
		at org.apache.tomcat.util.threads.ThreadPoolExecutor.runWorker(ThreadPoolExecutor.java:1191)
		at org.apache.tomcat.util.threads.ThreadPoolExecutor$Worker.run(ThreadPoolExecutor.java:659)
		at org.apache.tomcat.util.threads.TaskThread$WrappingRunnable.run(TaskThread.java:61)
		at java.base/java.lang.Thread.run(Thread.java:1474)
24-Sep-2026 19:41:00.433 SEVERE [http-nio-8080-exec-6] org.apache.catalina.core.StandardWrapperValve.invoke Servlet.service() for servlet [jsp] in context with path [/JSPPractice] threw exception [Unable to compile class for JSP: 

An error occurred at line: [33] in the jsp file: [/Login.jsp]
next cannot be resolved or is not a field
30:             stmt = con.createStatement();
31:             rs = stmt.executeQuery("SELECT id, name FROM staff WHERE mob = '" + umobile + "'");
32: 
33:             while (rs.next){
34:                 out.print(rs.getString (1));
35:                 out.print(rs.getString (2));
36:             }


Stacktrace:] with root cause
	org.apache.jasper.JasperException: Unable to compile class for JSP: 

An error occurred at line: [33] in the jsp file: [/Login.jsp]
next cannot be resolved or is not a field
30:             stmt = con.createStatement();
31:             rs = stmt.executeQuery("SELECT id, name FROM staff WHERE mob = '" + umobile + "'");
32: 
33:             while (rs.next){
34:                 out.print(rs.getString (1));
35:                 out.print(rs.getString (2));
36:             }


Stacktrace:
		at org.apache.jasper.compiler.DefaultErrorHandler.javacError(DefaultErrorHandler.java:102)
		at org.apache.jasper.compiler.ErrorDispatcher.javacError(ErrorDispatcher.java:213)
		at org.apache.jasper.compiler.JDTCompiler.generateClass(JDTCompiler.java:520)
		at org.apache.jasper.compiler.Compiler.compile(Compiler.java:397)
		at org.apache.jasper.compiler.Compiler.compile(Compiler.java:367)
		at org.apache.jasper.compiler.Compiler.compile(Compiler.java:351)
		at org.apache.jasper.JspCompilationContext.compile(JspCompilationContext.java:603)
		at org.apache.jasper.servlet.JspServletWrapper.service(JspServletWrapper.java:399)
		at org.apache.jasper.servlet.JspServlet.serviceJspFile(JspServlet.java:380)
		at org.apache.jasper.servlet.JspServlet.service(JspServlet.java:328)
		at jakarta.servlet.http.HttpServlet.service(HttpServlet.java:792)
		at org.apache.catalina.core.ApplicationFilterChain.internalDoFilter(ApplicationFilterChain.java:223)
		at org.apache.catalina.core.ApplicationFilterChain.doFilter(ApplicationFilterChain.java:158)
		at org.apache.tomcat.websocket.server.WsFilter.doFilter(WsFilter.java:53)
		at org.apache.catalina.core.ApplicationFilterChain.internalDoFilter(ApplicationFilterChain.java:185)
		at org.apache.catalina.core.ApplicationFilterChain.doFilter(ApplicationFilterChain.java:158)
		at org.apache.catalina.core.StandardWrapperValve.invoke(StandardWrapperValve.java:197)
		at org.apache.catalina.core.StandardContextValve.invoke(StandardContextValve.java:97)
		at org.apache.catalina.authenticator.AuthenticatorBase.invoke(AuthenticatorBase.java:542)
		at org.apache.catalina.core.StandardHostValve.invoke(StandardHostValve.java:119)
		at org.apache.catalina.valves.ErrorReportValve.invoke(ErrorReportValve.java:92)
		at org.apache.catalina.valves.AbstractAccessLogValve.invoke(AbstractAccessLogValve.java:690)
		at org.apache.catalina.core.StandardEngineValve.invoke(StandardEngineValve.java:78)
		at org.apache.catalina.connector.CoyoteAdapter.service(CoyoteAdapter.java:356)
		at org.apache.coyote.http11.Http11Processor.service(Http11Processor.java:399)
		at org.apache.coyote.AbstractProcessorLight.process(AbstractProcessorLight.java:65)
		at org.apache.coyote.AbstractProtocol$ConnectionHandler.process(AbstractProtocol.java:870)
		at org.apache.tomcat.util.net.NioEndpoint$SocketProcessor.doRun(NioEndpoint.java:1762)
		at org.apache.tomcat.util.net.SocketProcessorBase.run(SocketProcessorBase.java:49)
		at org.apache.tomcat.util.threads.ThreadPoolExecutor.runWorker(ThreadPoolExecutor.java:1191)
		at org.apache.tomcat.util.threads.ThreadPoolExecutor$Worker.run(ThreadPoolExecutor.java:659)
		at org.apache.tomcat.util.threads.TaskThread$WrappingRunnable.run(TaskThread.java:61)
		at java.base/java.lang.Thread.run(Thread.java:1474)
24-Sep-2026 19:46:06.939 SEVERE [http-nio-8080-exec-2] org.apache.catalina.core.StandardWrapperValve.invoke Servlet.service() for servlet [jsp] in context with path [/JSPPractice] threw exception [Unable to compile class for JSP: 

An error occurred at line: [33] in the jsp file: [/Login.jsp]
next cannot be resolved or is not a field
30:             stmt = con.createStatement();
31:             rs = stmt.executeQuery("select id, name from staff where mob = '"+umobile+"'");
32: 
33:             while (rs.next){
34:                 out.print(rs.getString (1));
35:                 out.print(rs.getString (2));
36:             }


Stacktrace:] with root cause
	org.apache.jasper.JasperException: Unable to compile class for JSP: 

An error occurred at line: [33] in the jsp file: [/Login.jsp]
next cannot be resolved or is not a field
30:             stmt = con.createStatement();
31:             rs = stmt.executeQuery("select id, name from staff where mob = '"+umobile+"'");
32: 
33:             while (rs.next){
34:                 out.print(rs.getString (1));
35:                 out.print(rs.getString (2));
36:             }


Stacktrace:
		at org.apache.jasper.compiler.DefaultErrorHandler.javacError(DefaultErrorHandler.java:102)
		at org.apache.jasper.compiler.ErrorDispatcher.javacError(ErrorDispatcher.java:213)
		at org.apache.jasper.compiler.JDTCompiler.generateClass(JDTCompiler.java:520)
		at org.apache.jasper.compiler.Compiler.compile(Compiler.java:397)
		at org.apache.jasper.compiler.Compiler.compile(Compiler.java:367)
		at org.apache.jasper.compiler.Compiler.compile(Compiler.java:351)
		at org.apache.jasper.JspCompilationContext.compile(JspCompilationContext.java:603)
		at org.apache.jasper.servlet.JspServletWrapper.service(JspServletWrapper.java:399)
		at org.apache.jasper.servlet.JspServlet.serviceJspFile(JspServlet.java:380)
		at org.apache.jasper.servlet.JspServlet.service(JspServlet.java:328)
		at jakarta.servlet.http.HttpServlet.service(HttpServlet.java:792)
		at org.apache.catalina.core.ApplicationFilterChain.internalDoFilter(ApplicationFilterChain.java:223)
		at org.apache.catalina.core.ApplicationFilterChain.doFilter(ApplicationFilterChain.java:158)
		at org.apache.tomcat.websocket.server.WsFilter.doFilter(WsFilter.java:53)
		at org.apache.catalina.core.ApplicationFilterChain.internalDoFilter(ApplicationFilterChain.java:185)
		at org.apache.catalina.core.ApplicationFilterChain.doFilter(ApplicationFilterChain.java:158)
		at org.apache.catalina.core.StandardWrapperValve.invoke(StandardWrapperValve.java:197)
		at org.apache.catalina.core.StandardContextValve.invoke(StandardContextValve.java:97)
		at org.apache.catalina.authenticator.AuthenticatorBase.invoke(AuthenticatorBase.java:542)
		at org.apache.catalina.core.StandardHostValve.invoke(StandardHostValve.java:119)
		at org.apache.catalina.valves.ErrorReportValve.invoke(ErrorReportValve.java:92)
		at org.apache.catalina.valves.AbstractAccessLogValve.invoke(AbstractAccessLogValve.java:690)
		at org.apache.catalina.core.StandardEngineValve.invoke(StandardEngineValve.java:78)
		at org.apache.catalina.connector.CoyoteAdapter.service(CoyoteAdapter.java:356)
		at org.apache.coyote.http11.Http11Processor.service(Http11Processor.java:399)
		at org.apache.coyote.AbstractProcessorLight.process(AbstractProcessorLight.java:65)
		at org.apache.coyote.AbstractProtocol$ConnectionHandler.process(AbstractProtocol.java:870)
		at org.apache.tomcat.util.net.NioEndpoint$SocketProcessor.doRun(NioEndpoint.java:1762)
		at org.apache.tomcat.util.net.SocketProcessorBase.run(SocketProcessorBase.java:49)
		at org.apache.tomcat.util.threads.ThreadPoolExecutor.runWorker(ThreadPoolExecutor.java:1191)
		at org.apache.tomcat.util.threads.ThreadPoolExecutor$Worker.run(ThreadPoolExecutor.java:659)
		at org.apache.tomcat.util.threads.TaskThread$WrappingRunnable.run(TaskThread.java:61)
		at java.base/java.lang.Thread.run(Thread.java:1474)
24-Sep-2026 19:47:49.558 SEVERE [http-nio-8080-exec-4] org.apache.catalina.core.StandardWrapperValve.invoke Servlet.service() for servlet [jsp] in context with path [/JSPPractice] threw exception [Unable to compile class for JSP: 

An error occurred at line: [33] in the jsp file: [/Login.jsp]
next cannot be resolved or is not a field
30:             stmt = con.createStatement();
31:             rs = stmt.executeQuery("select id, name from staff where mob = '"+umobile+"'");
32: 
33:             while (rs.next){
34:                 out.print(rs.getString (1));
35:                 out.print(rs.getString (2));
36:             }


Stacktrace:] with root cause
	org.apache.jasper.JasperException: Unable to compile class for JSP: 

An error occurred at line: [33] in the jsp file: [/Login.jsp]
next cannot be resolved or is not a field
30:             stmt = con.createStatement();
31:             rs = stmt.executeQuery("select id, name from staff where mob = '"+umobile+"'");
32: 
33:             while (rs.next){
34:                 out.print(rs.getString (1));
35:                 out.print(rs.getString (2));
36:             }


Stacktrace:
		at org.apache.jasper.compiler.DefaultErrorHandler.javacError(DefaultErrorHandler.java:102)
		at org.apache.jasper.compiler.ErrorDispatcher.javacError(ErrorDispatcher.java:213)
		at org.apache.jasper.compiler.JDTCompiler.generateClass(JDTCompiler.java:520)
		at org.apache.jasper.compiler.Compiler.compile(Compiler.java:397)
		at org.apache.jasper.compiler.Compiler.compile(Compiler.java:367)
		at org.apache.jasper.compiler.Compiler.compile(Compiler.java:351)
		at org.apache.jasper.JspCompilationContext.compile(JspCompilationContext.java:603)
		at org.apache.jasper.servlet.JspServletWrapper.service(JspServletWrapper.java:399)
		at org.apache.jasper.servlet.JspServlet.serviceJspFile(JspServlet.java:380)
		at org.apache.jasper.servlet.JspServlet.service(JspServlet.java:328)
		at jakarta.servlet.http.HttpServlet.service(HttpServlet.java:792)
		at org.apache.catalina.core.ApplicationFilterChain.internalDoFilter(ApplicationFilterChain.java:223)
		at org.apache.catalina.core.ApplicationFilterChain.doFilter(ApplicationFilterChain.java:158)
		at org.apache.tomcat.websocket.server.WsFilter.doFilter(WsFilter.java:53)
		at org.apache.catalina.core.ApplicationFilterChain.internalDoFilter(ApplicationFilterChain.java:185)
		at org.apache.catalina.core.ApplicationFilterChain.doFilter(ApplicationFilterChain.java:158)
		at org.apache.catalina.core.StandardWrapperValve.invoke(StandardWrapperValve.java:197)
		at org.apache.catalina.core.StandardContextValve.invoke(StandardContextValve.java:97)
		at org.apache.catalina.authenticator.AuthenticatorBase.invoke(AuthenticatorBase.java:542)
		at org.apache.catalina.core.StandardHostValve.invoke(StandardHostValve.java:119)
		at org.apache.catalina.valves.ErrorReportValve.invoke(ErrorReportValve.java:92)
		at org.apache.catalina.valves.AbstractAccessLogValve.invoke(AbstractAccessLogValve.java:690)
		at org.apache.catalina.core.StandardEngineValve.invoke(StandardEngineValve.java:78)
		at org.apache.catalina.connector.CoyoteAdapter.service(CoyoteAdapter.java:356)
		at org.apache.coyote.http11.Http11Processor.service(Http11Processor.java:399)
		at org.apache.coyote.AbstractProcessorLight.process(AbstractProcessorLight.java:65)
		at org.apache.coyote.AbstractProtocol$ConnectionHandler.process(AbstractProtocol.java:870)
		at org.apache.tomcat.util.net.NioEndpoint$SocketProcessor.doRun(NioEndpoint.java:1762)
		at org.apache.tomcat.util.net.SocketProcessorBase.run(SocketProcessorBase.java:49)
		at org.apache.tomcat.util.threads.ThreadPoolExecutor.runWorker(ThreadPoolExecutor.java:1191)
		at org.apache.tomcat.util.threads.ThreadPoolExecutor$Worker.run(ThreadPoolExecutor.java:659)
		at org.apache.tomcat.util.threads.TaskThread$WrappingRunnable.run(TaskThread.java:61)
		at java.base/java.lang.Thread.run(Thread.java:1474)
24-Sep-2026 19:47:53.665 SEVERE [http-nio-8080-exec-5] org.apache.catalina.core.StandardWrapperValve.invoke Servlet.service() for servlet [jsp] in context with path [/JSPPractice] threw exception [Unable to compile class for JSP: 

An error occurred at line: [33] in the jsp file: [/Login.jsp]
next cannot be resolved or is not a field
30:             stmt = con.createStatement();
31:             rs = stmt.executeQuery("select id, name from staff where mob = '"+umobile+"'");
32: 
33:             while (rs.next){
34:                 out.print(rs.getString (1));
35:                 out.print(rs.getString (2));
36:             }


Stacktrace:] with root cause
	org.apache.jasper.JasperException: Unable to compile class for JSP: 

An error occurred at line: [33] in the jsp file: [/Login.jsp]
next cannot be resolved or is not a field
30:             stmt = con.createStatement();
31:             rs = stmt.executeQuery("select id, name from staff where mob = '"+umobile+"'");
32: 
33:             while (rs.next){
34:                 out.print(rs.getString (1));
35:                 out.print(rs.getString (2));
36:             }


Stacktrace:
		at org.apache.jasper.compiler.DefaultErrorHandler.javacError(DefaultErrorHandler.java:102)
		at org.apache.jasper.compiler.ErrorDispatcher.javacError(ErrorDispatcher.java:213)
		at org.apache.jasper.compiler.JDTCompiler.generateClass(JDTCompiler.java:520)
		at org.apache.jasper.compiler.Compiler.compile(Compiler.java:397)
		at org.apache.jasper.compiler.Compiler.compile(Compiler.java:367)
		at org.apache.jasper.compiler.Compiler.compile(Compiler.java:351)
		at org.apache.jasper.JspCompilationContext.compile(JspCompilationContext.java:603)
		at org.apache.jasper.servlet.JspServletWrapper.service(JspServletWrapper.java:399)
		at org.apache.jasper.servlet.JspServlet.serviceJspFile(JspServlet.java:380)
		at org.apache.jasper.servlet.JspServlet.service(JspServlet.java:328)
		at jakarta.servlet.http.HttpServlet.service(HttpServlet.java:792)
		at org.apache.catalina.core.ApplicationFilterChain.internalDoFilter(ApplicationFilterChain.java:223)
		at org.apache.catalina.core.ApplicationFilterChain.doFilter(ApplicationFilterChain.java:158)
		at org.apache.tomcat.websocket.server.WsFilter.doFilter(WsFilter.java:53)
		at org.apache.catalina.core.ApplicationFilterChain.internalDoFilter(ApplicationFilterChain.java:185)
		at org.apache.catalina.core.ApplicationFilterChain.doFilter(ApplicationFilterChain.java:158)
		at org.apache.catalina.core.StandardWrapperValve.invoke(StandardWrapperValve.java:197)
		at org.apache.catalina.core.StandardContextValve.invoke(StandardContextValve.java:97)
		at org.apache.catalina.authenticator.AuthenticatorBase.invoke(AuthenticatorBase.java:542)
		at org.apache.catalina.core.StandardHostValve.invoke(StandardHostValve.java:119)
		at org.apache.catalina.valves.ErrorReportValve.invoke(ErrorReportValve.java:92)
		at org.apache.catalina.valves.AbstractAccessLogValve.invoke(AbstractAccessLogValve.java:690)
		at org.apache.catalina.core.StandardEngineValve.invoke(StandardEngineValve.java:78)
		at org.apache.catalina.connector.CoyoteAdapter.service(CoyoteAdapter.java:356)
		at org.apache.coyote.http11.Http11Processor.service(Http11Processor.java:399)
		at org.apache.coyote.AbstractProcessorLight.process(AbstractProcessorLight.java:65)
		at org.apache.coyote.AbstractProtocol$ConnectionHandler.process(AbstractProtocol.java:870)
		at org.apache.tomcat.util.net.NioEndpoint$SocketProcessor.doRun(NioEndpoint.java:1762)
		at org.apache.tomcat.util.net.SocketProcessorBase.run(SocketProcessorBase.java:49)
		at org.apache.tomcat.util.threads.ThreadPoolExecutor.runWorker(ThreadPoolExecutor.java:1191)
		at org.apache.tomcat.util.threads.ThreadPoolExecutor$Worker.run(ThreadPoolExecutor.java:659)
		at org.apache.tomcat.util.threads.TaskThread$WrappingRunnable.run(TaskThread.java:61)
		at java.base/java.lang.Thread.run(Thread.java:1474)
24-Sep-2026 19:54:41.151 SEVERE [http-nio-8080-exec-8] org.apache.catalina.core.StandardWrapperValve.invoke Servlet.service() for servlet [jsp] in context with path [/JSPPractice] threw exception [Unable to compile class for JSP: 

An error occurred at line: [36] in the jsp file: [/Login.jsp]
Syntax error, insert ";" to complete BlockStatements
33: 
34:             while (rs.next()){
35: 
36:                 out.println("ID: " + rs.getInt(1))
37:                 out.println("<br>");
38: 
39:                 out.println("Name: " + rs.getString(2))


An error occurred at line: [39] in the jsp file: [/Login.jsp]
Syntax error, insert ";" to complete Statement
36:                 out.println("ID: " + rs.getInt(1))
37:                 out.println("<br>");
38: 
39:                 out.println("Name: " + rs.getString(2))
40:                 out.println("<br>");
41: 
42: 


Stacktrace:] with root cause
	org.apache.jasper.JasperException: Unable to compile class for JSP: 

An error occurred at line: [36] in the jsp file: [/Login.jsp]
Syntax error, insert ";" to complete BlockStatements
33: 
34:             while (rs.next()){
35: 
36:                 out.println("ID: " + rs.getInt(1))
37:                 out.println("<br>");
38: 
39:                 out.println("Name: " + rs.getString(2))


An error occurred at line: [39] in the jsp file: [/Login.jsp]
Syntax error, insert ";" to complete Statement
36:                 out.println("ID: " + rs.getInt(1))
37:                 out.println("<br>");
38: 
39:                 out.println("Name: " + rs.getString(2))
40:                 out.println("<br>");
41: 
42: 


Stacktrace:
		at org.apache.jasper.compiler.DefaultErrorHandler.javacError(DefaultErrorHandler.java:102)
		at org.apache.jasper.compiler.ErrorDispatcher.javacError(ErrorDispatcher.java:213)
		at org.apache.jasper.compiler.JDTCompiler.generateClass(JDTCompiler.java:520)
		at org.apache.jasper.compiler.Compiler.compile(Compiler.java:397)
		at org.apache.jasper.compiler.Compiler.compile(Compiler.java:367)
		at org.apache.jasper.compiler.Compiler.compile(Compiler.java:351)
		at org.apache.jasper.JspCompilationContext.compile(JspCompilationContext.java:603)
		at org.apache.jasper.servlet.JspServletWrapper.service(JspServletWrapper.java:399)
		at org.apache.jasper.servlet.JspServlet.serviceJspFile(JspServlet.java:380)
		at org.apache.jasper.servlet.JspServlet.service(JspServlet.java:328)
		at jakarta.servlet.http.HttpServlet.service(HttpServlet.java:792)
		at org.apache.catalina.core.ApplicationFilterChain.internalDoFilter(ApplicationFilterChain.java:223)
		at org.apache.catalina.core.ApplicationFilterChain.doFilter(ApplicationFilterChain.java:158)
		at org.apache.tomcat.websocket.server.WsFilter.doFilter(WsFilter.java:53)
		at org.apache.catalina.core.ApplicationFilterChain.internalDoFilter(ApplicationFilterChain.java:185)
		at org.apache.catalina.core.ApplicationFilterChain.doFilter(ApplicationFilterChain.java:158)
		at org.apache.catalina.core.StandardWrapperValve.invoke(StandardWrapperValve.java:197)
		at org.apache.catalina.core.StandardContextValve.invoke(StandardContextValve.java:97)
		at org.apache.catalina.authenticator.AuthenticatorBase.invoke(AuthenticatorBase.java:542)
		at org.apache.catalina.core.StandardHostValve.invoke(StandardHostValve.java:119)
		at org.apache.catalina.valves.ErrorReportValve.invoke(ErrorReportValve.java:92)
		at org.apache.catalina.valves.AbstractAccessLogValve.invoke(AbstractAccessLogValve.java:690)
		at org.apache.catalina.core.StandardEngineValve.invoke(StandardEngineValve.java:78)
		at org.apache.catalina.connector.CoyoteAdapter.service(CoyoteAdapter.java:356)
		at org.apache.coyote.http11.Http11Processor.service(Http11Processor.java:399)
		at org.apache.coyote.AbstractProcessorLight.process(AbstractProcessorLight.java:65)
		at org.apache.coyote.AbstractProtocol$ConnectionHandler.process(AbstractProtocol.java:870)
		at org.apache.tomcat.util.net.NioEndpoint$SocketProcessor.doRun(NioEndpoint.java:1762)
		at org.apache.tomcat.util.net.SocketProcessorBase.run(SocketProcessorBase.java:49)
		at org.apache.tomcat.util.threads.ThreadPoolExecutor.runWorker(ThreadPoolExecutor.java:1191)
		at org.apache.tomcat.util.threads.ThreadPoolExecutor$Worker.run(ThreadPoolExecutor.java:659)
		at org.apache.tomcat.util.threads.TaskThread$WrappingRunnable.run(TaskThread.java:61)
		at java.base/java.lang.Thread.run(Thread.java:1474)
24-Sep-2026 19:55:10.369 SEVERE [http-nio-8080-exec-10] org.apache.catalina.core.StandardWrapperValve.invoke Servlet.service() for servlet [jsp] in context with path [/JSPPractice] threw exception [Unable to compile class for JSP: 

An error occurred at line: [80] in the generated java file: [/Users/harshvardhanyadav/Desktop/PATHWAY/Java/apache-tomcat-10.0.27/work/Catalina/localhost/JSPPractice/org/apache/jsp/Login_jsp.java]
Syntax error, insert "}" to complete ClassBody

An error occurred at line: [36] in the jsp file: [/Login.jsp]
Syntax error, insert ";" to complete BlockStatements
33: 
34:             while (rs.next()){
35: 
36:                 out.println("ID: " + rs.getInt(1))
37:                 out.println("<br>");
38: 
39:                 out.println("Name: " + rs.getString(2))<%@ page language="java" contentType="text/html; charset=UTF-8"


An error occurred at line: [39] in the jsp file: [/Login.jsp]
Syntax error on tokens, delete these tokens
36:                 out.println("ID: " + rs.getInt(1))
37:                 out.println("<br>");
38: 
39:                 out.println("Name: " + rs.getString(2))<%@ page language="java" contentType="text/html; charset=UTF-8"
40:     pageEncoding="UTF-8"%>
41: 
42: <%@ page import="java.sql.*" %>


An error occurred at line: [39] in the jsp file: [/Login.jsp]
page cannot be resolved to a type
36:                 out.println("ID: " + rs.getInt(1))
37:                 out.println("<br>");
38: 
39:                 out.println("Name: " + rs.getString(2))<%@ page language="java" contentType="text/html; charset=UTF-8"
40:     pageEncoding="UTF-8"%>
41: 
42: <%@ page import="java.sql.*" %>


An error occurred at line: [39] in the jsp file: [/Login.jsp]
Syntax error on token "language", VariableDeclaratorId expected after this token
36:                 out.println("ID: " + rs.getInt(1))
37:                 out.println("<br>");
38: 
39:                 out.println("Name: " + rs.getString(2))<%@ page language="java" contentType="text/html; charset=UTF-8"
40:     pageEncoding="UTF-8"%>
41: 
42: <%@ page import="java.sql.*" %>


An error occurred at line: [39] in the jsp file: [/Login.jsp]
language cannot be resolved to a type
36:                 out.println("ID: " + rs.getInt(1))
37:                 out.println("<br>");
38: 
39:                 out.println("Name: " + rs.getString(2))<%@ page language="java" contentType="text/html; charset=UTF-8"
40:     pageEncoding="UTF-8"%>
41: 
42: <%@ page import="java.sql.*" %>


An error occurred at line: [39] in the jsp file: [/Login.jsp]
Syntax error, insert ";" to complete LocalVariableDeclarationStatement
36:                 out.println("ID: " + rs.getInt(1))
37:                 out.println("<br>");
38: 
39:                 out.println("Name: " + rs.getString(2))<%@ page language="java" contentType="text/html; charset=UTF-8"
40:     pageEncoding="UTF-8"%>
41: 
42: <%@ page import="java.sql.*" %>


An error occurred at line: [39] in the jsp file: [/Login.jsp]
contentType cannot be resolved to a variable
36:                 out.println("ID: " + rs.getInt(1))
37:                 out.println("<br>");
38: 
39:                 out.println("Name: " + rs.getString(2))<%@ page language="java" contentType="text/html; charset=UTF-8"
40:     pageEncoding="UTF-8"%>
41: 
42: <%@ page import="java.sql.*" %>


An error occurred at line: [39] in the jsp file: [/Login.jsp]
Syntax error, insert ";" to complete Statement
36:                 out.println("ID: " + rs.getInt(1))
37:                 out.println("<br>");
38: 
39:                 out.println("Name: " + rs.getString(2))<%@ page language="java" contentType="text/html; charset=UTF-8"
40:     pageEncoding="UTF-8"%>
41: 
42: <%@ page import="java.sql.*" %>


An error occurred at line: [40] in the jsp file: [/Login.jsp]
pageEncoding cannot be resolved to a variable
37:                 out.println("<br>");
38: 
39:                 out.println("Name: " + rs.getString(2))<%@ page language="java" contentType="text/html; charset=UTF-8"
40:     pageEncoding="UTF-8"%>
41: 
42: <%@ page import="java.sql.*" %>
43: 


An error occurred at line: [40] in the jsp file: [/Login.jsp]
Syntax error, insert ";" to complete Statement
37:                 out.println("<br>");
38: 
39:                 out.println("Name: " + rs.getString(2))<%@ page language="java" contentType="text/html; charset=UTF-8"
40:     pageEncoding="UTF-8"%>
41: 
42: <%@ page import="java.sql.*" %>
43: 


An error occurred at line: [50] in the jsp file: [/Login.jsp]
Duplicate local variable umobile
47: 
48: <%
49: 
50:     String umobile = request.getParameter("umobile");
51: 
52:     out.println("Entered Mobile Number: " + umobile);
53:     out.println("<br><br>");


An error occurred at line: [57] in the jsp file: [/Login.jsp]
Duplicate local variable con
54: 
55:     try {
56: 
57:         Connection con = null;
58:         Statement stmt = null;
59:         ResultSet rs = null;
60: 


An error occurred at line: [58] in the jsp file: [/Login.jsp]
Duplicate local variable stmt
55:     try {
56: 
57:         Connection con = null;
58:         Statement stmt = null;
59:         ResultSet rs = null;
60: 
61:         out.println("Trying to connect to database...");


An error occurred at line: [59] in the jsp file: [/Login.jsp]
Duplicate local variable rs
56: 
57:         Connection con = null;
58:         Statement stmt = null;
59:         ResultSet rs = null;
60: 
61:         out.println("Trying to connect to database...");
62:         out.println("<br>");


An error occurred at line: [234] in the generated java file: [/Users/harshvardhanyadav/Desktop/PATHWAY/Java/apache-tomcat-10.0.27/work/Catalina/localhost/JSPPractice/org/apache/jsp/Login_jsp.java]
Syntax error, insert "}" to complete Block

An error occurred at line: [251] in the generated java file: [/Users/harshvardhanyadav/Desktop/PATHWAY/Java/apache-tomcat-10.0.27/work/Catalina/localhost/JSPPractice/org/apache/jsp/Login_jsp.java]
Syntax error, insert "Finally" to complete TryStatement

Stacktrace:] with root cause
	org.apache.jasper.JasperException: Unable to compile class for JSP: 

An error occurred at line: [80] in the generated java file: [/Users/harshvardhanyadav/Desktop/PATHWAY/Java/apache-tomcat-10.0.27/work/Catalina/localhost/JSPPractice/org/apache/jsp/Login_jsp.java]
Syntax error, insert "}" to complete ClassBody

An error occurred at line: [36] in the jsp file: [/Login.jsp]
Syntax error, insert ";" to complete BlockStatements
33: 
34:             while (rs.next()){
35: 
36:                 out.println("ID: " + rs.getInt(1))
37:                 out.println("<br>");
38: 
39:                 out.println("Name: " + rs.getString(2))<%@ page language="java" contentType="text/html; charset=UTF-8"


An error occurred at line: [39] in the jsp file: [/Login.jsp]
Syntax error on tokens, delete these tokens
36:                 out.println("ID: " + rs.getInt(1))
37:                 out.println("<br>");
38: 
39:                 out.println("Name: " + rs.getString(2))<%@ page language="java" contentType="text/html; charset=UTF-8"
40:     pageEncoding="UTF-8"%>
41: 
42: <%@ page import="java.sql.*" %>


An error occurred at line: [39] in the jsp file: [/Login.jsp]
page cannot be resolved to a type
36:                 out.println("ID: " + rs.getInt(1))
37:                 out.println("<br>");
38: 
39:                 out.println("Name: " + rs.getString(2))<%@ page language="java" contentType="text/html; charset=UTF-8"
40:     pageEncoding="UTF-8"%>
41: 
42: <%@ page import="java.sql.*" %>


An error occurred at line: [39] in the jsp file: [/Login.jsp]
Syntax error on token "language", VariableDeclaratorId expected after this token
36:                 out.println("ID: " + rs.getInt(1))
37:                 out.println("<br>");
38: 
39:                 out.println("Name: " + rs.getString(2))<%@ page language="java" contentType="text/html; charset=UTF-8"
40:     pageEncoding="UTF-8"%>
41: 
42: <%@ page import="java.sql.*" %>


An error occurred at line: [39] in the jsp file: [/Login.jsp]
language cannot be resolved to a type
36:                 out.println("ID: " + rs.getInt(1))
37:                 out.println("<br>");
38: 
39:                 out.println("Name: " + rs.getString(2))<%@ page language="java" contentType="text/html; charset=UTF-8"
40:     pageEncoding="UTF-8"%>
41: 
42: <%@ page import="java.sql.*" %>


An error occurred at line: [39] in the jsp file: [/Login.jsp]
Syntax error, insert ";" to complete LocalVariableDeclarationStatement
36:                 out.println("ID: " + rs.getInt(1))
37:                 out.println("<br>");
38: 
39:                 out.println("Name: " + rs.getString(2))<%@ page language="java" contentType="text/html; charset=UTF-8"
40:     pageEncoding="UTF-8"%>
41: 
42: <%@ page import="java.sql.*" %>


An error occurred at line: [39] in the jsp file: [/Login.jsp]
contentType cannot be resolved to a variable
36:                 out.println("ID: " + rs.getInt(1))
37:                 out.println("<br>");
38: 
39:                 out.println("Name: " + rs.getString(2))<%@ page language="java" contentType="text/html; charset=UTF-8"
40:     pageEncoding="UTF-8"%>
41: 
42: <%@ page import="java.sql.*" %>


An error occurred at line: [39] in the jsp file: [/Login.jsp]
Syntax error, insert ";" to complete Statement
36:                 out.println("ID: " + rs.getInt(1))
37:                 out.println("<br>");
38: 
39:                 out.println("Name: " + rs.getString(2))<%@ page language="java" contentType="text/html; charset=UTF-8"
40:     pageEncoding="UTF-8"%>
41: 
42: <%@ page import="java.sql.*" %>


An error occurred at line: [40] in the jsp file: [/Login.jsp]
pageEncoding cannot be resolved to a variable
37:                 out.println("<br>");
38: 
39:                 out.println("Name: " + rs.getString(2))<%@ page language="java" contentType="text/html; charset=UTF-8"
40:     pageEncoding="UTF-8"%>
41: 
42: <%@ page import="java.sql.*" %>
43: 


An error occurred at line: [40] in the jsp file: [/Login.jsp]
Syntax error, insert ";" to complete Statement
37:                 out.println("<br>");
38: 
39:                 out.println("Name: " + rs.getString(2))<%@ page language="java" contentType="text/html; charset=UTF-8"
40:     pageEncoding="UTF-8"%>
41: 
42: <%@ page import="java.sql.*" %>
43: 


An error occurred at line: [50] in the jsp file: [/Login.jsp]
Duplicate local variable umobile
47: 
48: <%
49: 
50:     String umobile = request.getParameter("umobile");
51: 
52:     out.println("Entered Mobile Number: " + umobile);
53:     out.println("<br><br>");


An error occurred at line: [57] in the jsp file: [/Login.jsp]
Duplicate local variable con
54: 
55:     try {
56: 
57:         Connection con = null;
58:         Statement stmt = null;
59:         ResultSet rs = null;
60: 


An error occurred at line: [58] in the jsp file: [/Login.jsp]
Duplicate local variable stmt
55:     try {
56: 
57:         Connection con = null;
58:         Statement stmt = null;
59:         ResultSet rs = null;
60: 
61:         out.println("Trying to connect to database...");


An error occurred at line: [59] in the jsp file: [/Login.jsp]
Duplicate local variable rs
56: 
57:         Connection con = null;
58:         Statement stmt = null;
59:         ResultSet rs = null;
60: 
61:         out.println("Trying to connect to database...");
62:         out.println("<br>");


An error occurred at line: [234] in the generated java file: [/Users/harshvardhanyadav/Desktop/PATHWAY/Java/apache-tomcat-10.0.27/work/Catalina/localhost/JSPPractice/org/apache/jsp/Login_jsp.java]
Syntax error, insert "}" to complete Block

An error occurred at line: [251] in the generated java file: [/Users/harshvardhanyadav/Desktop/PATHWAY/Java/apache-tomcat-10.0.27/work/Catalina/localhost/JSPPractice/org/apache/jsp/Login_jsp.java]
Syntax error, insert "Finally" to complete TryStatement

Stacktrace:
		at org.apache.jasper.compiler.DefaultErrorHandler.javacError(DefaultErrorHandler.java:102)
		at org.apache.jasper.compiler.ErrorDispatcher.javacError(ErrorDispatcher.java:213)
		at org.apache.jasper.compiler.JDTCompiler.generateClass(JDTCompiler.java:520)
		at org.apache.jasper.compiler.Compiler.compile(Compiler.java:397)
		at org.apache.jasper.compiler.Compiler.compile(Compiler.java:367)
		at org.apache.jasper.compiler.Compiler.compile(Compiler.java:351)
		at org.apache.jasper.JspCompilationContext.compile(JspCompilationContext.java:603)
		at org.apache.jasper.servlet.JspServletWrapper.service(JspServletWrapper.java:399)
		at org.apache.jasper.servlet.JspServlet.serviceJspFile(JspServlet.java:380)
		at org.apache.jasper.servlet.JspServlet.service(JspServlet.java:328)
		at jakarta.servlet.http.HttpServlet.service(HttpServlet.java:792)
		at org.apache.catalina.core.ApplicationFilterChain.internalDoFilter(ApplicationFilterChain.java:223)
		at org.apache.catalina.core.ApplicationFilterChain.doFilter(ApplicationFilterChain.java:158)
		at org.apache.tomcat.websocket.server.WsFilter.doFilter(WsFilter.java:53)
		at org.apache.catalina.core.ApplicationFilterChain.internalDoFilter(ApplicationFilterChain.java:185)
		at org.apache.catalina.core.ApplicationFilterChain.doFilter(ApplicationFilterChain.java:158)
		at org.apache.catalina.core.StandardWrapperValve.invoke(StandardWrapperValve.java:197)
		at org.apache.catalina.core.StandardContextValve.invoke(StandardContextValve.java:97)
		at org.apache.catalina.authenticator.AuthenticatorBase.invoke(AuthenticatorBase.java:542)
		at org.apache.catalina.core.StandardHostValve.invoke(StandardHostValve.java:119)
		at org.apache.catalina.valves.ErrorReportValve.invoke(ErrorReportValve.java:92)
		at org.apache.catalina.valves.AbstractAccessLogValve.invoke(AbstractAccessLogValve.java:690)
		at org.apache.catalina.core.StandardEngineValve.invoke(StandardEngineValve.java:78)
		at org.apache.catalina.connector.CoyoteAdapter.service(CoyoteAdapter.java:356)
		at org.apache.coyote.http11.Http11Processor.service(Http11Processor.java:399)
		at org.apache.coyote.AbstractProcessorLight.process(AbstractProcessorLight.java:65)
		at org.apache.coyote.AbstractProtocol$ConnectionHandler.process(AbstractProtocol.java:870)
		at org.apache.tomcat.util.net.NioEndpoint$SocketProcessor.doRun(NioEndpoint.java:1762)
		at org.apache.tomcat.util.net.SocketProcessorBase.run(SocketProcessorBase.java:49)
		at org.apache.tomcat.util.threads.ThreadPoolExecutor.runWorker(ThreadPoolExecutor.java:1191)
		at org.apache.tomcat.util.threads.ThreadPoolExecutor$Worker.run(ThreadPoolExecutor.java:659)
		at org.apache.tomcat.util.threads.TaskThread$WrappingRunnable.run(TaskThread.java:61)
		at java.base/java.lang.Thread.run(Thread.java:1474)
24-Sep-2026 19:58:23.412 SEVERE [http-nio-8080-exec-3] org.apache.catalina.core.StandardWrapperValve.invoke Servlet.service() for servlet [jsp] in context with path [/JSPPractice] threw exception [Unable to compile class for JSP: 

An error occurred at line: [36] in the jsp file: [/Login.jsp]
Syntax error, insert ";" to complete BlockStatements
33: 
34:             while (rs.next()){
35: 
36:                 out.println("ID: " + rs.getString(1))
37:                 out.println("<br>");
38: 
39:                 out.println("Name: " + rs.getString(2))


An error occurred at line: [39] in the jsp file: [/Login.jsp]
Syntax error, insert ";" to complete Statement
36:                 out.println("ID: " + rs.getString(1))
37:                 out.println("<br>");
38: 
39:                 out.println("Name: " + rs.getString(2))
40:                 out.println("<br>");
41:             }
42: 


Stacktrace:] with root cause
	org.apache.jasper.JasperException: Unable to compile class for JSP: 

An error occurred at line: [36] in the jsp file: [/Login.jsp]
Syntax error, insert ";" to complete BlockStatements
33: 
34:             while (rs.next()){
35: 
36:                 out.println("ID: " + rs.getString(1))
37:                 out.println("<br>");
38: 
39:                 out.println("Name: " + rs.getString(2))


An error occurred at line: [39] in the jsp file: [/Login.jsp]
Syntax error, insert ";" to complete Statement
36:                 out.println("ID: " + rs.getString(1))
37:                 out.println("<br>");
38: 
39:                 out.println("Name: " + rs.getString(2))
40:                 out.println("<br>");
41:             }
42: 


Stacktrace:
		at org.apache.jasper.compiler.DefaultErrorHandler.javacError(DefaultErrorHandler.java:102)
		at org.apache.jasper.compiler.ErrorDispatcher.javacError(ErrorDispatcher.java:213)
		at org.apache.jasper.compiler.JDTCompiler.generateClass(JDTCompiler.java:520)
		at org.apache.jasper.compiler.Compiler.compile(Compiler.java:397)
		at org.apache.jasper.compiler.Compiler.compile(Compiler.java:367)
		at org.apache.jasper.compiler.Compiler.compile(Compiler.java:351)
		at org.apache.jasper.JspCompilationContext.compile(JspCompilationContext.java:603)
		at org.apache.jasper.servlet.JspServletWrapper.service(JspServletWrapper.java:399)
		at org.apache.jasper.servlet.JspServlet.serviceJspFile(JspServlet.java:380)
		at org.apache.jasper.servlet.JspServlet.service(JspServlet.java:328)
		at jakarta.servlet.http.HttpServlet.service(HttpServlet.java:792)
		at org.apache.catalina.core.ApplicationFilterChain.internalDoFilter(ApplicationFilterChain.java:223)
		at org.apache.catalina.core.ApplicationFilterChain.doFilter(ApplicationFilterChain.java:158)
		at org.apache.tomcat.websocket.server.WsFilter.doFilter(WsFilter.java:53)
		at org.apache.catalina.core.ApplicationFilterChain.internalDoFilter(ApplicationFilterChain.java:185)
		at org.apache.catalina.core.ApplicationFilterChain.doFilter(ApplicationFilterChain.java:158)
		at org.apache.catalina.core.StandardWrapperValve.invoke(StandardWrapperValve.java:197)
		at org.apache.catalina.core.StandardContextValve.invoke(StandardContextValve.java:97)
		at org.apache.catalina.authenticator.AuthenticatorBase.invoke(AuthenticatorBase.java:542)
		at org.apache.catalina.core.StandardHostValve.invoke(StandardHostValve.java:119)
		at org.apache.catalina.valves.ErrorReportValve.invoke(ErrorReportValve.java:92)
		at org.apache.catalina.valves.AbstractAccessLogValve.invoke(AbstractAccessLogValve.java:690)
		at org.apache.catalina.core.StandardEngineValve.invoke(StandardEngineValve.java:78)
		at org.apache.catalina.connector.CoyoteAdapter.service(CoyoteAdapter.java:356)
		at org.apache.coyote.http11.Http11Processor.service(Http11Processor.java:399)
		at org.apache.coyote.AbstractProcessorLight.process(AbstractProcessorLight.java:65)
		at org.apache.coyote.AbstractProtocol$ConnectionHandler.process(AbstractProtocol.java:870)
		at org.apache.tomcat.util.net.NioEndpoint$SocketProcessor.doRun(NioEndpoint.java:1762)
		at org.apache.tomcat.util.net.SocketProcessorBase.run(SocketProcessorBase.java:49)
		at org.apache.tomcat.util.threads.ThreadPoolExecutor.runWorker(ThreadPoolExecutor.java:1191)
		at org.apache.tomcat.util.threads.ThreadPoolExecutor$Worker.run(ThreadPoolExecutor.java:659)
		at org.apache.tomcat.util.threads.TaskThread$WrappingRunnable.run(TaskThread.java:61)
		at java.base/java.lang.Thread.run(Thread.java:1474)
